[2026-06-06T06:13:47.362Z] GET /api/due-payments/dashboard. User: mdanassk2007@gmail.com, BusinessId: 72debed5-d221-4644-b791-7cfc8a7632b8
[2026-06-06T06:13:47.483Z] Sales found: 12
[2026-06-06T06:13:47.623Z] EMIs found: 183
[2026-06-06T06:13:47.740Z] Dashboard data count: 6
[2026-06-06T06:15:12.479Z] Follow-up POST request body: id=resolve, sale_id=ec9ce947-0361-4698-86f8-5b25db2d02b3, customer_id=1f133297-20bf-4c2d-b92c-d3049ba88744, notes=till next friday
[2026-06-06T06:15:13.272Z] Follow-up successfully logged. targetId=da271416-f1b1-4870-8546-b967a1ecd264
[2026-06-06T06:15:13.748Z] GET /api/due-payments/dashboard. User: mdanassk2007@gmail.com, BusinessId: 72debed5-d221-4644-b791-7cfc8a7632b8
[2026-06-06T06:15:14.050Z] Sales found: 12
[2026-06-06T06:15:14.304Z] EMIs found: 183
[2026-06-06T06:15:14.549Z] Dashboard data count: 6
[2026-06-06T06:16:19.123Z] GET /api/due-payments/dashboard. User: mdanassk2007@gmail.com, BusinessId: 72debed5-d221-4644-b791-7cfc8a7632b8
[2026-06-06T06:16:19.257Z] Sales found: 12
[2026-06-06T06:16:19.389Z] EMIs found: 183
[2026-06-06T06:16:19.511Z] Dashboard data count: 6
[2026-06-06T06:16:30.212Z] GET /api/due-payments/dashboard. User: mdanassk2007@gmail.com, BusinessId: 72debed5-d221-4644-b791-7cfc8a7632b8
[2026-06-06T06:16:30.435Z] Sales found: 12
[2026-06-06T06:16:30.643Z] EMIs found: 183
[2026-06-06T06:16:30.822Z] Dashboard data count: 6
[2026-06-06T06:21:08.965Z] Follow-up POST request body: id=resolve, sale_id=5304706a-de56-40e0-b052-b0f43c2e9109, customer_id=a8aa403c-f7b9-4eb7-be07-4c7ad87fca03, notes=payment not done 
[2026-06-06T06:21:09.381Z] Follow-up successfully logged. targetId=a2967a16-477a-484c-8c56-6000c3d8e341
[2026-06-06T06:21:09.852Z] GET /api/due-payments/dashboard. User: mdanassk2007@gmail.com, BusinessId: 72debed5-d221-4644-b791-7cfc8a7632b8
[2026-06-06T06:21:10.367Z] Sales found: 12
[2026-06-06T06:21:10.673Z] EMIs found: 183
[2026-06-06T06:21:11.180Z] Dashboard data count: 6
[2026-06-06T06:21:57.678Z] GET /api/due-payments/dashboard. User: mdanassk2007@gmail.com, BusinessId: 72debed5-d221-4644-b791-7cfc8a7632b8
[2026-06-06T06:21:57.879Z] Sales found: 12
[2026-06-06T06:21:58.120Z] EMIs found: 183
[2026-06-06T06:21:58.317Z] Dashboard data count: 6
[2026-06-06T06:22:24.740Z] GET /api/due-payments/dashboard. User: mdanassk2007@gmail.com, BusinessId: 72debed5-d221-4644-b791-7cfc8a7632b8
[2026-06-06T06:22:25.049Z] Sales found: 12
[2026-06-06T06:22:25.519Z] EMIs found: 183
[2026-06-06T06:22:25.928Z] Dashboard data count: 0
[2026-06-06T06:22:27.766Z] GET /api/due-payments/dashboard. User: mdanassk2007@gmail.com, BusinessId: 72debed5-d221-4644-b791-7cfc8a7632b8
[2026-06-06T06:22:28.796Z] Sales found: 12
[2026-06-06T06:22:29.314Z] EMIs found: 183
[2026-06-06T06:22:29.564Z] Dashboard data count: 0
[2026-06-06T06:22:30.883Z] GET /api/due-payments/dashboard. User: mdanassk2007@gmail.com, BusinessId: 72debed5-d221-4644-b791-7cfc8a7632b8
[2026-06-06T06:22:31.191Z] Sales found: 12
[2026-06-06T06:22:31.465Z] EMIs found: 183
[2026-06-06T06:22:32.118Z] Dashboard data count: 6
[2026-06-06T06:25:12.322Z] GET /api/due-payments/dashboard. User: mdanassk2007@gmail.com, BusinessId: 72debed5-d221-4644-b791-7cfc8a7632b8
[2026-06-06T06:25:12.610Z] Sales found: 12
[2026-06-06T06:25:12.914Z] EMIs found: 183
[2026-06-06T06:25:13.087Z] Dashboard data count: 6
[2026-06-06T06:31:24.453Z] GET /api/due-payments/dashboard. User: mdanassk2007@gmail.com, BusinessId: 72debed5-d221-4644-b791-7cfc8a7632b8
[2026-06-06T06:31:24.754Z] Sales found: 12
[2026-06-06T06:31:24.965Z] EMIs found: 183
[2026-06-06T06:31:25.186Z] Dashboard data count: 6
[2026-06-06T06:31:26.459Z] GET /api/due-payments/dashboard. User: mdanassk2007@gmail.com, BusinessId: 72debed5-d221-4644-b791-7cfc8a7632b8
[2026-06-06T06:31:26.908Z] Sales found: 12
[2026-06-06T06:31:27.126Z] EMIs found: 183
[2026-06-06T06:31:27.414Z] Dashboard data count: 6
[2026-06-06T06:31:50.731Z] GET /api/due-payments/dashboard. User: mdanassk2007@gmail.com, BusinessId: 72debed5-d221-4644-b791-7cfc8a7632b8
[2026-06-06T06:31:50.860Z] Sales found: 12
[2026-06-06T06:31:50.997Z] EMIs found: 183
[2026-06-06T06:31:51.127Z] Dashboard data count: 6
[2026-06-06T06:38:29.754Z] GET /api/due-payments/dashboard. User: mdanassk2007@gmail.com, BusinessId: 72debed5-d221-4644-b791-7cfc8a7632b8
[2026-06-06T06:38:29.860Z] Sales found: 12
[2026-06-06T06:38:29.984Z] EMIs found: 183
[2026-06-06T06:38:30.112Z] Dashboard data count: 6
[2026-06-06T06:43:38.573Z] GET /api/due-payments/dashboard. User: mdanassk2007@gmail.com, BusinessId: 72debed5-d221-4644-b791-7cfc8a7632b8
[2026-06-06T06:43:38.589Z] GET /api/due-payments/dashboard. User: mdanassk2007@gmail.com, BusinessId: 72debed5-d221-4644-b791-7cfc8a7632b8
[2026-06-06T06:43:38.792Z] Sales found: 12
[2026-06-06T06:43:38.794Z] Sales found: 12
[2026-06-06T06:43:39.030Z] EMIs found: 183
[2026-06-06T06:43:39.034Z] EMIs found: 183
[2026-06-06T06:43:39.251Z] Dashboard data count: 6
[2026-06-06T06:43:39.255Z] Dashboard data count: 6
[2026-06-06T06:58:33.888Z] GET /api/due-payments/dashboard. User: mdanassk2007@gmail.com, BusinessId: 72debed5-d221-4644-b791-7cfc8a7632b8
[2026-06-06T06:58:34.084Z] Sales found: 12
[2026-06-06T06:58:34.225Z] EMIs found: 183
[2026-06-06T06:58:34.376Z] Dashboard data count: 6
[2026-06-06T07:02:57.413Z] GET /api/due-payments/dashboard. User: mdanassk2007@gmail.com, BusinessId: 72debed5-d221-4644-b791-7cfc8a7632b8
[2026-06-06T07:02:57.623Z] Sales found: 12
[2026-06-06T07:02:57.850Z] EMIs found: 183
[2026-06-06T07:02:58.058Z] Dashboard data count: 6
