Migration run started 2026-06-20T11:31:10.797Z


BATCH FAILED [business_admins] :: insert or update on table "business_admins" violates foreign key constraint "business_admins_auth_user_id_fkey"

BATCH FAILED [advisors] :: insert or update on table "advisors" violates foreign key constraint "advisors_auth_user_id_fkey"
[plots] id=3cc07761-e16f-4b70-97f0-d3738e12cfd4 :: cannot insert a non-DEFAULT value into column "total_amount"
[plots] id=c4f84c7a-2ce4-492e-918b-f300948bbef4 :: cannot insert a non-DEFAULT value into column "total_amount"
[plots] id=51409bf1-b1a1-4c47-a378-c4dacde2de2f :: cannot insert a non-DEFAULT value into column "total_amount"
[plots] id=daac1416-d698-4092-a882-6ccce6d05f33 :: cannot insert a non-DEFAULT value into column "total_amount"
[plots] id=5824cb10-d120-41cb-bd3e-a0f1aaaabf04 :: cannot insert a non-DEFAULT value into column "total_amount"
[plots] id=decb15c0-80f4-4db9-83ac-5280c3d8bc8e :: cannot insert a non-DEFAULT value into column "total_amount"
[plots] id=24c94d83-b89f-486c-8043-9ab2e2b0afdf :: cannot insert a non-DEFAULT value into column "total_amount"
[plots] id=ff893fdc-25a4-4520-a121-f06b7a52a017 :: cannot insert a non-DEFAULT value into column "total_amount"
[plots] id=a6cb472b-b74a-41ae-9d29-1285bab8eecf :: cannot insert a non-DEFAULT value into column "total_amount"
[plots] id=4c262001-10ef-4680-a2d5-908d2e64e724 :: cannot insert a non-DEFAULT value into column "total_amount"
[plots] id=661da6fc-4beb-400b-8dab-e1b5475473ba :: cannot insert a non-DEFAULT value into column "total_amount"
[plots] id=52957098-afdb-4a2b-ba99-357f3f65c9fa :: cannot insert a non-DEFAULT value into column "total_amount"
[plots] id=51094196-4869-4057-aceb-06d121fd6d2f :: cannot insert a non-DEFAULT value into column "total_amount"
[plots] id=d7aa19ed-c207-4892-b855-b38f3b20b340 :: cannot insert a non-DEFAULT value into column "total_amount"
[plots] id=f25c0410-981b-4246-8e8b-b72638619614 :: cannot insert a non-DEFAULT value into column "total_amount"
[plots] id=2183c52c-a575-455d-81e1-ea6420697269 :: cannot insert a non-DEFAULT value into column "total_amount"
[plots] id=de738664-7270-4afc-8391-50c44c14cfff :: cannot insert a non-DEFAULT value into column "total_amount"
[plots] id=b4047dd3-7ae1-4278-aef9-1d39154c1d6b :: cannot insert a non-DEFAULT value into column "total_amount"
[plots] id=41a1c578-0a3e-455e-9a69-1c4784b7027b :: cannot insert a non-DEFAULT value into column "total_amount"
[plots] id=4ea40af8-ffc3-44fc-b746-5b13138e8fdf :: cannot insert a non-DEFAULT value into column "total_amount"
[plots] id=69617c13-dc87-4327-a4c7-b86250d36ca3 :: cannot insert a non-DEFAULT value into column "total_amount"
[plots] id=0930e860-95a3-4ebd-b48c-3462cce51481 :: cannot insert a non-DEFAULT value into column "total_amount"
[plots] id=58d19143-45f6-42fc-a52d-6985f32c4c04 :: cannot insert a non-DEFAULT value into column "total_amount"
[plots] id=eb9caa9b-531b-40b0-acf6-b193f3980b2d :: cannot insert a non-DEFAULT value into column "total_amount"
[plots] id=08e80973-e71a-456e-8ddb-19e97371c358 :: cannot insert a non-DEFAULT value into column "total_amount"
[plots] id=d183b67c-90e2-460e-a4d7-3a40d1fd340b :: cannot insert a non-DEFAULT value into column "total_amount"
[plots] id=0511f1c5-e6a6-43d8-b136-0c9d6949e7d3 :: cannot insert a non-DEFAULT value into column "total_amount"
[plots] id=fdffaa63-2b18-4b6a-8668-055cc4315f39 :: cannot insert a non-DEFAULT value into column "total_amount"
[plots] id=5d6c5e3f-cb24-43e9-9dd8-bc1830538790 :: cannot insert a non-DEFAULT value into column "total_amount"
[plots] id=5df5ecb0-1e04-4b2b-bc2a-1a9a19d243aa :: cannot insert a non-DEFAULT value into column "total_amount"
[plots] id=1ffd2e6d-6bae-49d6-9c4e-104c61ba2017 :: cannot insert a non-DEFAULT value into column "total_amount"
[plots] id=7a85a881-8dae-4dce-8cf1-7a87ece723cb :: cannot insert a non-DEFAULT value into column "total_amount"
[plots] id=605fbefb-1cae-495c-8eb3-f2f777e2c7a4 :: cannot insert a non-DEFAULT value into column "total_amount"
[plots] id=677f7407-0d58-4e9c-b4c0-d16c60ae8143 :: cannot insert a non-DEFAULT value into column "total_amount"
[plots] id=b3034110-2763-4f47-9553-358b5984274d :: cannot insert a non-DEFAULT value into column "total_amount"
[plots] id=04bf9518-b9e3-4180-8894-b60c11b9d2a8 :: cannot insert a non-DEFAULT value into column "total_amount"
[plots] id=d9b94ff5-6770-4aee-bb27-41096950a5c5 :: cannot insert a non-DEFAULT value into column "total_amount"
[plots] id=cbab005a-ccd2-4868-8650-806113df1007 :: cannot insert a non-DEFAULT value into column "total_amount"
[plots] id=7f70381c-bf71-476a-950f-0e8e3e0c2513 :: cannot insert a non-DEFAULT value into column "total_amount"
[plots] id=0854eb6e-00a6-4462-8daa-deb3471c57f6 :: cannot insert a non-DEFAULT value into column "total_amount"
[plots] id=2d078f13-484f-40ca-bd66-431461c0b7fe :: cannot insert a non-DEFAULT value into column "total_amount"
[plots] id=bcf9612b-ccd9-4212-861b-e7f4706a1600 :: cannot insert a non-DEFAULT value into column "total_amount"
[plots] id=6fcae3ca-ce82-4f75-a3bd-c85a4ff0863f :: cannot insert a non-DEFAULT value into column "total_amount"
[plots] id=cee69278-f9ed-4f7d-827f-e2b724a0a48a :: cannot insert a non-DEFAULT value into column "total_amount"
[plots] id=7be9f308-2ad9-44d6-bc59-a53d97bce7df :: cannot insert a non-DEFAULT value into column "total_amount"
[plots] id=6165e139-6ddd-4595-8b9d-85c839f50e9d :: cannot insert a non-DEFAULT value into column "total_amount"
[plots] id=447758a8-f5ea-4e91-87bd-f14f1d7db442 :: cannot insert a non-DEFAULT value into column "total_amount"
[plots] id=56239750-3b22-4d72-8f4d-f6bfab21ef5c :: cannot insert a non-DEFAULT value into column "total_amount"
[plots] id=026fba2f-203c-4eba-be94-8c3909ded59a :: cannot insert a non-DEFAULT value into column "total_amount"
[plots] id=3debfd19-5942-4203-9e3d-943305a25d08 :: cannot insert a non-DEFAULT value into column "total_amount"
[plots] id=e065c22a-ad82-4ae9-a446-6afab7c3ad0a :: cannot insert a non-DEFAULT value into column "total_amount"
[plots] id=57140e19-6ea9-4d1b-96a1-009b359a5177 :: cannot insert a non-DEFAULT value into column "total_amount"
[plots] id=cfee43c3-a3f1-4b07-acbe-42fdc4fe6ab3 :: cannot insert a non-DEFAULT value into column "total_amount"
[plots] id=caed2d9d-f7d7-44ec-99b7-4d6c4eabecc5 :: cannot insert a non-DEFAULT value into column "total_amount"
[plots] id=5b03981f-38e7-4f34-ad8b-d3f574a445ad :: cannot insert a non-DEFAULT value into column "total_amount"
[plots] id=26c0c923-8533-4897-bb08-893f36ceed12 :: cannot insert a non-DEFAULT value into column "total_amount"
[plots] id=c00161d4-7bd6-4dd9-9ac8-3e1f8cd483d7 :: cannot insert a non-DEFAULT value into column "total_amount"
[plots] id=311d39e0-59ca-4fcc-a426-5e16122548dc :: cannot insert a non-DEFAULT value into column "total_amount"
[plots] id=8d051817-f695-4259-abb4-6527a7dfe0d0 :: cannot insert a non-DEFAULT value into column "total_amount"
[plots] id=e0dcd13c-907f-4fd5-b24c-27dae568fc1a :: cannot insert a non-DEFAULT value into column "total_amount"
[plots] id=14457d03-d0eb-4fb4-91e2-3ecff56abc29 :: cannot insert a non-DEFAULT value into column "total_amount"
[plots] id=fbb97429-92c9-49c0-90e2-35edb3ea16bf :: cannot insert a non-DEFAULT value into column "total_amount"
[plots] id=cc57908d-25db-400a-93cc-bdcf22aed2ba :: cannot insert a non-DEFAULT value into column "total_amount"
[plots] id=de3733f8-9c2f-46d7-9a0e-a9be488356b0 :: cannot insert a non-DEFAULT value into column "total_amount"
[plots] id=2c591f2a-630a-43af-b818-ee65d1409db2 :: cannot insert a non-DEFAULT value into column "total_amount"
[plots] id=21818838-cd4a-4c84-bd05-996197ea4df4 :: cannot insert a non-DEFAULT value into column "total_amount"
[plots] id=c00178b7-43f7-4b69-9f4a-b77294cbff7d :: cannot insert a non-DEFAULT value into column "total_amount"
[plots] id=bfddc653-d019-4a3e-8bb7-9d60ac227695 :: cannot insert a non-DEFAULT value into column "total_amount"
[plots] id=6f3dbf9e-879d-4bb1-97bd-9957b1f46786 :: cannot insert a non-DEFAULT value into column "total_amount"
[plots] id=38bc04f2-4912-46cc-bf63-924235ffbb61 :: cannot insert a non-DEFAULT value into column "total_amount"
[plots] id=37dff879-1e17-4069-b7bb-ca021dcdf286 :: cannot insert a non-DEFAULT value into column "total_amount"
[plots] id=4867df94-0ac3-459b-8ad7-c68562c4daa9 :: cannot insert a non-DEFAULT value into column "total_amount"
[plots] id=61873867-cdf1-41d8-8430-120ce3e4113e :: cannot insert a non-DEFAULT value into column "total_amount"
[plots] id=7a1a04aa-1a10-41d7-a23b-cad1b61eb32b :: cannot insert a non-DEFAULT value into column "total_amount"
[plots] id=c079ad9f-20e7-441b-8aba-9c3520df4184 :: cannot insert a non-DEFAULT value into column "total_amount"
[plots] id=0bc2c470-c860-4935-b45a-86c27c9fa79e :: cannot insert a non-DEFAULT value into column "total_amount"
[plots] id=d5cd3f16-7bae-46bf-9a56-54fbe6b02162 :: cannot insert a non-DEFAULT value into column "total_amount"
[plots] id=660d4036-061a-47e1-9fa4-632b47f4c7d9 :: cannot insert a non-DEFAULT value into column "total_amount"
[plots] id=92a4d280-0521-45c6-bed5-ce8f25febefa :: cannot insert a non-DEFAULT value into column "total_amount"
[plots] id=9ec64ace-0c25-43ec-8e4e-22e85852cf21 :: cannot insert a non-DEFAULT value into column "total_amount"
[plots] id=89975ebc-114a-443a-a06b-fe8999016d01 :: cannot insert a non-DEFAULT value into column "total_amount"
[plots] id=938ef562-fd7a-43f5-aa28-7c00d468004c :: cannot insert a non-DEFAULT value into column "total_amount"
[plots] id=bac36430-ec51-48f2-be5d-f696e64a08ff :: cannot insert a non-DEFAULT value into column "total_amount"
[plots] id=6ce43344-d199-41cb-a137-50935e3c2529 :: cannot insert a non-DEFAULT value into column "total_amount"
[plots] id=18997859-6526-457b-b86b-ae5e8ec92bad :: cannot insert a non-DEFAULT value into column "total_amount"
[plots] id=11470636-91ac-42b2-8bc3-d888e5de4df3 :: cannot insert a non-DEFAULT value into column "total_amount"
[plots] id=414a56c9-d844-448c-9f7f-615f05cc87e8 :: cannot insert a non-DEFAULT value into column "total_amount"
[plots] id=1bbd2ba3-9ca5-4223-bf50-1d8dcccab54a :: cannot insert a non-DEFAULT value into column "total_amount"
[plots] id=1dcb58ac-aa1a-4339-8f02-33292b1ecfe9 :: cannot insert a non-DEFAULT value into column "total_amount"
[plots] id=696cada5-4418-4838-a463-537a986caa81 :: cannot insert a non-DEFAULT value into column "total_amount"
[plots] id=cdd38403-787f-4c78-9a79-2586de5ad82f :: cannot insert a non-DEFAULT value into column "total_amount"
[plots] id=591f6c50-ae34-44a3-b4ea-b71f18808fae :: cannot insert a non-DEFAULT value into column "total_amount"
[plots] id=06889882-bdd6-4e73-9c2e-83b4dcc098c5 :: cannot insert a non-DEFAULT value into column "total_amount"
[plots] id=0aefc212-9308-45ab-a950-88f9510c1eef :: cannot insert a non-DEFAULT value into column "total_amount"
[plots] id=1b621963-6c3f-4a29-8710-be23002d973a :: cannot insert a non-DEFAULT value into column "total_amount"
[plots] id=6ebda9b5-c615-4234-b6c6-53101a212ef0 :: cannot insert a non-DEFAULT value into column "total_amount"
[plots] id=73d408bd-9b10-424e-bb64-8b2094101a51 :: cannot insert a non-DEFAULT value into column "total_amount"
[plots] id=88f2e7b4-dec9-4dda-865e-36bcce87f03f :: cannot insert a non-DEFAULT value into column "total_amount"
[plots] id=42e5b424-be29-4af2-a489-6b9adff9e4b3 :: cannot insert a non-DEFAULT value into column "total_amount"
[plots] id=b339f376-09a9-4238-a0b4-c58d5c3ceb74 :: cannot insert a non-DEFAULT value into column "total_amount"
[plots] id=9468a95c-444a-4760-8c92-b3b55d9f454f :: cannot insert a non-DEFAULT value into column "total_amount"
[plots] id=d6c3d548-a6f4-4426-b0c4-59d2db4b81d6 :: cannot insert a non-DEFAULT value into column "total_amount"
[plots] id=0254ad6a-350a-4b1f-a7f4-df9dddf30d97 :: cannot insert a non-DEFAULT value into column "total_amount"
[plots] id=d67dc870-1fd2-41e4-a15d-0cceddbe436f :: cannot insert a non-DEFAULT value into column "total_amount"
[plots] id=b047e5f0-af42-423f-a38a-c0f11d80c61b :: cannot insert a non-DEFAULT value into column "total_amount"
[plots] id=df583c24-19ce-4b9b-954f-13144970b167 :: cannot insert a non-DEFAULT value into column "total_amount"
[plots] id=ed4cc142-4380-40df-9065-2aecbe05c88b :: cannot insert a non-DEFAULT value into column "total_amount"
[plots] id=6100d09f-664a-4dc1-8670-211812594b3e :: cannot insert a non-DEFAULT value into column "total_amount"
[plots] id=fc1477f2-0122-444a-ba5c-c7d28c4a33bc :: cannot insert a non-DEFAULT value into column "total_amount"
[plots] id=0e12d531-88c9-432d-a072-00dbede687bb :: cannot insert a non-DEFAULT value into column "total_amount"
[plots] id=3c61ecbd-7eeb-4d4a-96b4-4a3ea2689e0e :: cannot insert a non-DEFAULT value into column "total_amount"
[plots] id=5b45f951-37f0-4891-a315-badd16f3b68d :: cannot insert a non-DEFAULT value into column "total_amount"
[plots] id=f3c4d626-6828-4d20-af33-6b48d18dc900 :: cannot insert a non-DEFAULT value into column "total_amount"
[plots] id=6d72ec7d-8743-4960-a14e-b3cd6cb9644b :: cannot insert a non-DEFAULT value into column "total_amount"
[plots] id=6b67bf1d-8dc6-4c54-969a-7ec74fab0d33 :: cannot insert a non-DEFAULT value into column "total_amount"
[plots] id=8701cc42-9cf1-4d7f-b403-0de79c0b647d :: cannot insert a non-DEFAULT value into column "total_amount"
[plots] id=9f1c089b-b246-4369-b1d8-efdb09515e44 :: cannot insert a non-DEFAULT value into column "total_amount"
[plots] id=2aa5bf58-0c20-4c7c-adc8-1e1fec1b2c6a :: cannot insert a non-DEFAULT value into column "total_amount"
[plots] id=03bb0af5-8d44-466d-afa0-32efec1e83a6 :: cannot insert a non-DEFAULT value into column "total_amount"
[plots] id=d59019dc-fed8-461b-b90e-f75b7d4beb6d :: cannot insert a non-DEFAULT value into column "total_amount"
[plots] id=5b0c0198-b6fa-4d8b-b60e-dabffcf6c43a :: cannot insert a non-DEFAULT value into column "total_amount"
[plots] id=4c7b6e01-6335-4a63-a2cc-0f38e244892e :: cannot insert a non-DEFAULT value into column "total_amount"
[plots] id=77f811e2-6f37-47f2-b819-e5ed17307a03 :: cannot insert a non-DEFAULT value into column "total_amount"
[plots] id=803d21e9-f30d-47c4-b76e-2bd7aefce1dc :: cannot insert a non-DEFAULT value into column "total_amount"
[plots] id=611067ab-7816-42cd-a7e2-4a8908cb873e :: cannot insert a non-DEFAULT value into column "total_amount"
[plots] id=5bd5edaf-5e16-4f13-a1c4-9bb7fabcc8ae :: cannot insert a non-DEFAULT value into column "total_amount"
[plots] id=440b4c12-5c24-4efb-a147-564d7b779e6d :: cannot insert a non-DEFAULT value into column "total_amount"
[plots] id=6e4def3d-fc9a-453e-927e-01ce108cb485 :: cannot insert a non-DEFAULT value into column "total_amount"
[plots] id=2644d4ac-bf4b-4197-b689-75c9960b2e03 :: cannot insert a non-DEFAULT value into column "total_amount"
[plots] id=12de3178-37ee-48b7-b8d6-35c5a6a774f8 :: cannot insert a non-DEFAULT value into column "total_amount"
[plots] id=78b3bc1f-a998-44a3-ba48-3278689d6b68 :: cannot insert a non-DEFAULT value into column "total_amount"
[plots] id=353d0476-a3c0-4f8f-b105-7eb63de2f8b6 :: cannot insert a non-DEFAULT value into column "total_amount"
[plots] id=acfa1679-02f8-4808-9af2-4ac9384a8a9d :: cannot insert a non-DEFAULT value into column "total_amount"
[plots] id=a562462e-4f7a-4ba3-a518-30e2a4e097d9 :: cannot insert a non-DEFAULT value into column "total_amount"
[plots] id=c06462c4-5cbb-467e-9f6c-c6a4c3d4d7ba :: cannot insert a non-DEFAULT value into column "total_amount"
[plots] id=efc10102-7c3c-4d2d-ad0b-40425f404a72 :: cannot insert a non-DEFAULT value into column "total_amount"
[plots] id=1ffc76c1-4d13-4e4d-a178-4ec5a4bf20f4 :: cannot insert a non-DEFAULT value into column "total_amount"
[plots] id=cfd66c19-05f5-426e-b044-5e519a2a05f2 :: cannot insert a non-DEFAULT value into column "total_amount"
[plots] id=9d61bfa5-2e43-414f-a0b3-74fd296e20b0 :: cannot insert a non-DEFAULT value into column "total_amount"
[plots] id=a792dab5-ed4a-4b51-9ab7-c2f1005c770d :: cannot insert a non-DEFAULT value into column "total_amount"
[plots] id=430ac1ae-652d-4bd6-a258-608f3acffa82 :: cannot insert a non-DEFAULT value into column "total_amount"
[plots] id=20a84993-ce4a-4e46-8c02-e4fc48116915 :: cannot insert a non-DEFAULT value into column "total_amount"
[plots] id=f5709512-b712-4505-84a8-9280d7caebb2 :: cannot insert a non-DEFAULT value into column "total_amount"
[plots] id=269dbad0-4d0d-4adc-aed9-67f918eab597 :: cannot insert a non-DEFAULT value into column "total_amount"
[plots] id=ab199200-e6d7-4055-a815-7d463802fe7d :: cannot insert a non-DEFAULT value into column "total_amount"
[plots] id=a1aa07f1-5e70-4783-b5cc-d358e9ee57d4 :: cannot insert a non-DEFAULT value into column "total_amount"
[plots] id=d667cafd-f9cb-46b1-8c1c-a85953789071 :: cannot insert a non-DEFAULT value into column "total_amount"
[plots] id=2f67bbed-1224-4a12-8115-277d764be47d :: cannot insert a non-DEFAULT value into column "total_amount"
[plots] id=c740c7aa-d9f6-4e83-aef3-b95b39f27a9e :: cannot insert a non-DEFAULT value into column "total_amount"
[plots] id=586eb067-1880-4373-905b-2056abc8fb41 :: cannot insert a non-DEFAULT value into column "total_amount"
[plots] id=254d430b-684f-4d60-9d9b-9b6c65b1e74d :: cannot insert a non-DEFAULT value into column "total_amount"
[plots] id=17d83c66-54dd-4cc4-8c66-d818e59d931d :: cannot insert a non-DEFAULT value into column "total_amount"
[plots] id=6e334501-dea5-4d13-9898-8208d33ec704 :: cannot insert a non-DEFAULT value into column "total_amount"
[plots] id=b96f285b-27d9-4046-a885-a480f04ae8f1 :: cannot insert a non-DEFAULT value into column "total_amount"
[plots] id=9aa45a8a-5207-4aad-93f9-54b479af7930 :: cannot insert a non-DEFAULT value into column "total_amount"
[plots] id=937f6570-6c95-445e-814c-946584f706de :: cannot insert a non-DEFAULT value into column "total_amount"
[plots] id=bd633da7-d33d-403b-a17a-1709ffa34535 :: cannot insert a non-DEFAULT value into column "total_amount"
[plots] id=b85947ed-d9f5-4ffa-97de-b7ddc45c00e8 :: cannot insert a non-DEFAULT value into column "total_amount"
[plots] id=d0cd41b7-f9ed-44eb-a3f2-f66c9791a0d7 :: cannot insert a non-DEFAULT value into column "total_amount"
[plots] id=43fe77b3-15cc-4561-af2a-4ae4598b4013 :: cannot insert a non-DEFAULT value into column "total_amount"
[plots] id=616fab3b-e185-4d4a-be5c-da1390ee2e5e :: cannot insert a non-DEFAULT value into column "total_amount"
[plots] id=9851d031-c791-40a2-8e67-5313e30e46e3 :: cannot insert a non-DEFAULT value into column "total_amount"
[plots] id=6a010bd9-fa1d-4284-ab79-95432be5d5b4 :: cannot insert a non-DEFAULT value into column "total_amount"
[plots] id=edacff02-864c-4278-960b-8b75dd1b4da0 :: cannot insert a non-DEFAULT value into column "total_amount"
[plots] id=820b843b-4005-459b-9633-3379f9b90636 :: cannot insert a non-DEFAULT value into column "total_amount"
[plots] id=c2b0c925-f8ed-44a5-8da4-9b8b8aa93bc2 :: cannot insert a non-DEFAULT value into column "total_amount"
[plots] id=40087232-2bb6-4567-94b1-08397dbf269e :: cannot insert a non-DEFAULT value into column "total_amount"
[plots] id=d380c62e-16a9-4895-b48b-b8622d253237 :: cannot insert a non-DEFAULT value into column "total_amount"
[plots] id=9cdab0a8-8540-40aa-9edb-20b801c194c7 :: cannot insert a non-DEFAULT value into column "total_amount"
[plots] id=85c82f71-2a55-4937-81f3-b9eaff656d2c :: cannot insert a non-DEFAULT value into column "total_amount"
[plots] id=3020ac5f-5150-4997-a361-99aeb57ac261 :: cannot insert a non-DEFAULT value into column "total_amount"
[plots] id=33209a8f-62a3-4acd-a245-a7ca718a4230 :: cannot insert a non-DEFAULT value into column "total_amount"
[plots] id=3d7d07d7-dc4e-4e70-8df7-84bacf65b087 :: cannot insert a non-DEFAULT value into column "total_amount"
[plots] id=8c1f9afd-4b2d-454b-9e48-227c0dccfc29 :: cannot insert a non-DEFAULT value into column "total_amount"
[plots] id=686a9e42-5045-481d-a7e1-7a0598171bd6 :: cannot insert a non-DEFAULT value into column "total_amount"
[plots] id=049ea25a-15ea-467a-85c1-8f9464e10cf5 :: cannot insert a non-DEFAULT value into column "total_amount"
[plots] id=ffa192c6-e1c0-4ece-9392-3dedef6bb8e4 :: cannot insert a non-DEFAULT value into column "total_amount"
[plots] id=6b9ba388-d605-4c92-91ed-55d92100a864 :: cannot insert a non-DEFAULT value into column "total_amount"
[plots] id=f7298fe5-7254-46ed-895e-3c7fb909ca30 :: cannot insert a non-DEFAULT value into column "total_amount"
[plots] id=6dd4f37e-bfa3-4ffa-9271-b87739be96a2 :: cannot insert a non-DEFAULT value into column "total_amount"
[plots] id=a8fce814-668a-44b6-8a57-6633d52debe3 :: cannot insert a non-DEFAULT value into column "total_amount"
[plots] id=cb55a093-e9c6-42b6-b995-c7fa113aaa7a :: cannot insert a non-DEFAULT value into column "total_amount"
[plots] id=dcf9f88c-7a1b-4504-a05c-d3785375794d :: cannot insert a non-DEFAULT value into column "total_amount"
[plots] id=4b80eb65-0cd2-4a4e-b071-76a45959a3d9 :: cannot insert a non-DEFAULT value into column "total_amount"
[plots] id=4f831bc4-b400-419a-beb4-aafa4492cee2 :: cannot insert a non-DEFAULT value into column "total_amount"
[plots] id=dabe1234-35dc-4ed2-91bf-9984ba6257e2 :: cannot insert a non-DEFAULT value into column "total_amount"
[plots] id=f2f0be00-dd3c-4f3a-a275-86059671e344 :: cannot insert a non-DEFAULT value into column "total_amount"
[plots] id=7624e967-5a72-45ad-94e6-12dfe0035622 :: cannot insert a non-DEFAULT value into column "total_amount"
[plots] id=149d4560-4c01-4395-85d2-6c2bf27abfa5 :: cannot insert a non-DEFAULT value into column "total_amount"
[plots] id=aa0fe411-9996-4e76-a084-34a7a0f5cbf3 :: cannot insert a non-DEFAULT value into column "total_amount"
[plots] id=aef14c5c-d4c7-44c5-8c3b-b61e1daeef96 :: cannot insert a non-DEFAULT value into column "total_amount"
[plots] id=7f40af3f-ae1c-41ea-b403-c432dcde77f4 :: cannot insert a non-DEFAULT value into column "total_amount"
[plots] id=81fd6a82-5d4f-4ef3-b983-b64b6a4f9753 :: cannot insert a non-DEFAULT value into column "total_amount"
[plots] id=a53de5d2-d880-4f90-a3c4-282ffe7c81fa :: cannot insert a non-DEFAULT value into column "total_amount"
[plots] id=ec718b23-6ccd-402f-b78b-524113f05f71 :: cannot insert a non-DEFAULT value into column "total_amount"
[plots] id=6099bfca-749a-4cb6-8a07-6be53a99ae2c :: cannot insert a non-DEFAULT value into column "total_amount"
[plots] id=a426bf2e-d80c-4d19-9700-42958860eb82 :: cannot insert a non-DEFAULT value into column "total_amount"
[plots] id=36ea2267-a3f9-438e-876c-0276a905ae2a :: cannot insert a non-DEFAULT value into column "total_amount"
[plots] id=032825a0-7d19-4579-b86c-6928015ec590 :: cannot insert a non-DEFAULT value into column "total_amount"
[plots] id=848970ea-85e4-48ab-b098-c23bd9d2d5ea :: cannot insert a non-DEFAULT value into column "total_amount"
[plots] id=aeb837f3-9f0a-49e1-ba4a-16478314c9f5 :: cannot insert a non-DEFAULT value into column "total_amount"
[plots] id=77f6ae9b-b78b-4dba-b3cb-e9a7800dc2e1 :: cannot insert a non-DEFAULT value into column "total_amount"
[plots] id=16410325-1122-4786-b630-0578b894820f :: cannot insert a non-DEFAULT value into column "total_amount"
[plots] id=ee3d4adb-573a-4fda-b774-6e3d2a10afc9 :: cannot insert a non-DEFAULT value into column "total_amount"
[plots] id=96acf632-8ef6-4564-8201-47f0b50db9f9 :: cannot insert a non-DEFAULT value into column "total_amount"
[plots] id=240f2f12-5350-4029-9444-7d8c79ec55a3 :: cannot insert a non-DEFAULT value into column "total_amount"
[plots] id=2172e3aa-cf61-4c8b-87c1-12eb7c222727 :: cannot insert a non-DEFAULT value into column "total_amount"
[plots] id=fb54acaa-3b51-4803-b391-82d9d4d4ed0d :: cannot insert a non-DEFAULT value into column "total_amount"
[plots] id=afa220d0-1ae0-4ac4-88f3-4f7c070a74cc :: cannot insert a non-DEFAULT value into column "total_amount"
[plots] id=232e21c7-a366-4d3d-a85b-7dbf3cfeda14 :: cannot insert a non-DEFAULT value into column "total_amount"
[plots] id=ff0e3507-a5b3-4671-abbd-90880435cd27 :: cannot insert a non-DEFAULT value into column "total_amount"
[plots] id=9cdcb96f-a78a-4142-a2f5-140c0abf7732 :: cannot insert a non-DEFAULT value into column "total_amount"
[plots] id=c689cf20-83bf-4c9b-805c-7e66dac828bb :: cannot insert a non-DEFAULT value into column "total_amount"
[plots] id=d1605345-a6d6-4146-ae3f-d090b7c765cb :: cannot insert a non-DEFAULT value into column "total_amount"
[plots] id=ef0b0508-9cd3-4e0b-a908-c8f7a6c164f0 :: cannot insert a non-DEFAULT value into column "total_amount"
[plots] id=5f7c18f5-bd23-4554-8100-3a3322f78b61 :: cannot insert a non-DEFAULT value into column "total_amount"
[plots] id=0a31f0d4-3b39-455d-a8d1-7662fe671631 :: cannot insert a non-DEFAULT value into column "total_amount"
[plots] id=26114e9d-7922-4864-8fb6-36894055d497 :: cannot insert a non-DEFAULT value into column "total_amount"
[plots] id=954c1fd4-a305-4818-9d10-f6d81c54ad1a :: cannot insert a non-DEFAULT value into column "total_amount"
[plots] id=9b3b75d4-1c2f-4715-947d-c47509b7b222 :: cannot insert a non-DEFAULT value into column "total_amount"
[plots] id=d604174a-ed75-4aff-9f20-39ceea4d202c :: cannot insert a non-DEFAULT value into column "total_amount"
[plots] id=4c86882c-b673-4c8d-82e3-d9f6edf5a0e8 :: cannot insert a non-DEFAULT value into column "total_amount"
[plots] id=634c4542-9f83-4432-a51a-c1d167d836fc :: cannot insert a non-DEFAULT value into column "total_amount"
[plots] id=d52b097c-e719-4bdb-9bf9-3e5d6509dd81 :: cannot insert a non-DEFAULT value into column "total_amount"
[plots] id=d543a119-c733-4eb5-83c9-8859b73c4083 :: cannot insert a non-DEFAULT value into column "total_amount"
[plots] id=da56a93e-7af2-4660-beeb-5eaa46f3d320 :: cannot insert a non-DEFAULT value into column "total_amount"
[plots] id=6cdd7b4b-a233-414f-8bd4-6f67763869aa :: cannot insert a non-DEFAULT value into column "total_amount"
[plots] id=659bc1f3-3ada-49b8-b58e-bc804650e21e :: cannot insert a non-DEFAULT value into column "total_amount"
[plots] id=ed758ab3-e0eb-4205-829b-7c5e99a09bd6 :: cannot insert a non-DEFAULT value into column "total_amount"
[plots] id=45c73676-9705-4513-a1d2-4ef7114669d9 :: cannot insert a non-DEFAULT value into column "total_amount"
[plots] id=1e79fc1c-90b1-41f5-91a9-c19baf119daa :: cannot insert a non-DEFAULT value into column "total_amount"
[plots] id=223089e6-b1b7-4698-97f4-9da1a017b608 :: cannot insert a non-DEFAULT value into column "total_amount"
[plots] id=e6e34695-c31e-46c6-b8a0-6b2965abbf9d :: cannot insert a non-DEFAULT value into column "total_amount"
[plots] id=ca41fb77-ef48-45e6-8b16-c33f0a410ea1 :: cannot insert a non-DEFAULT value into column "total_amount"
[plots] id=4d02c6f4-1ddf-41cc-bc9f-af6fb4bba009 :: cannot insert a non-DEFAULT value into column "total_amount"
[plots] id=fe7aa235-3263-4b8e-9488-050dce5a359e :: cannot insert a non-DEFAULT value into column "total_amount"
[plots] id=77c70026-7fe2-456b-95dd-d4c27da37d01 :: cannot insert a non-DEFAULT value into column "total_amount"
[plots] id=120643f0-5c86-4765-bf68-acbad5a5e745 :: cannot insert a non-DEFAULT value into column "total_amount"
[plots] id=a24b09f7-44b0-4686-b804-f67d33285844 :: cannot insert a non-DEFAULT value into column "total_amount"
[plots] id=4c7ecd84-922b-45ca-a8e0-7635eb8508bd :: cannot insert a non-DEFAULT value into column "total_amount"
[plots] id=d36e933e-af24-462d-9a76-20eb7932f73a :: cannot insert a non-DEFAULT value into column "total_amount"
[plots] id=f421e988-4c93-4f3b-bbfa-0a99ada5d3f4 :: cannot insert a non-DEFAULT value into column "total_amount"
[plots] id=d36ea700-b867-448d-bc7f-54e5ba212339 :: cannot insert a non-DEFAULT value into column "total_amount"
[plots] id=35461a15-d507-4af7-8087-74c655206f62 :: cannot insert a non-DEFAULT value into column "total_amount"
[plots] id=2681faf6-176e-4aa2-83a5-f761065f78f2 :: cannot insert a non-DEFAULT value into column "total_amount"
[plots] id=dd87e78e-d639-4fbd-90c1-265295c14cb2 :: cannot insert a non-DEFAULT value into column "total_amount"
[plots] id=6051d7f8-2802-4b35-abf8-d6220a61c973 :: cannot insert a non-DEFAULT value into column "total_amount"
[plots] id=cecbecc5-e535-4f50-bee9-1ce86c6d09f4 :: cannot insert a non-DEFAULT value into column "total_amount"
[plots] id=e6477393-1180-4447-92bf-e8fb59418125 :: cannot insert a non-DEFAULT value into column "total_amount"
[plots] id=86f28ae8-6d27-4ac1-adc7-bbce2d3fe671 :: cannot insert a non-DEFAULT value into column "total_amount"
[plots] id=f78ab276-e9ca-4fe2-a49c-05c46f91ec66 :: cannot insert a non-DEFAULT value into column "total_amount"
[plots] id=8a18f113-863b-4c19-aa74-54481e0b3488 :: cannot insert a non-DEFAULT value into column "total_amount"
[plots] id=a3963608-051e-492e-b634-3d963d50bfab :: cannot insert a non-DEFAULT value into column "total_amount"
[plots] id=25c19664-4083-46d2-be04-c2b584887c9e :: cannot insert a non-DEFAULT value into column "total_amount"
[plots] id=362aaf99-51b8-4248-a905-f67bdf0d6092 :: cannot insert a non-DEFAULT value into column "total_amount"
[plots] id=71e9fffb-9610-45c0-8033-a23c6a049008 :: cannot insert a non-DEFAULT value into column "total_amount"
[plots] id=1ceaa7e7-e5a1-4622-bce0-90ca50c7875e :: cannot insert a non-DEFAULT value into column "total_amount"
[plots] id=285501df-445b-4110-b17e-cac1bcd52946 :: cannot insert a non-DEFAULT value into column "total_amount"
[plots] id=5ee3a823-a9b2-4b24-95b1-3a8e4c0cb552 :: cannot insert a non-DEFAULT value into column "total_amount"
[plots] id=a80aeddd-7622-4814-98c7-c115d9b1e6c4 :: cannot insert a non-DEFAULT value into column "total_amount"
[plots] id=d7d757a1-392a-43de-9457-785380db6baa :: cannot insert a non-DEFAULT value into column "total_amount"
[plots] id=327a5263-2edf-4d57-bc7a-c0a1c9a2a2e0 :: cannot insert a non-DEFAULT value into column "total_amount"
[plots] id=5319c8d4-7d1e-40c3-bc76-85379d75e1d5 :: cannot insert a non-DEFAULT value into column "total_amount"
[plots] id=8ad57931-651a-448c-8f8d-d782ecc02c4e :: cannot insert a non-DEFAULT value into column "total_amount"
[plots] id=1b2e839e-5573-41e7-a371-bb9b3db82860 :: cannot insert a non-DEFAULT value into column "total_amount"
[plots] id=eea39663-80d8-4d75-8e3f-92b26608f864 :: cannot insert a non-DEFAULT value into column "total_amount"
[plots] id=148979f3-52a8-426e-bee8-bf28027baed9 :: cannot insert a non-DEFAULT value into column "total_amount"
[plots] id=b466bcda-64e0-4770-8eda-0131eb555b3f :: cannot insert a non-DEFAULT value into column "total_amount"
[plots] id=616bb57c-d205-497d-af16-98eabbab0cf4 :: cannot insert a non-DEFAULT value into column "total_amount"
[plots] id=25952880-70e3-4b61-896d-6d8d7a695cfa :: cannot insert a non-DEFAULT value into column "total_amount"
[plots] id=4e5bd0cd-4546-4572-8e4d-8abdf59d3899 :: cannot insert a non-DEFAULT value into column "total_amount"
[plots] id=0570ee33-ca96-4a07-8159-4ac350c1aa05 :: cannot insert a non-DEFAULT value into column "total_amount"
[plots] id=c4c41166-1b00-499a-98da-34f16fd0f93d :: cannot insert a non-DEFAULT value into column "total_amount"
[plots] id=097962d9-b4a6-439a-b931-631028dc3230 :: cannot insert a non-DEFAULT value into column "total_amount"
[plots] id=e4e6957d-d538-424a-85b9-dfccc01014e8 :: cannot insert a non-DEFAULT value into column "total_amount"
[plots] id=286346e4-ead3-4984-8775-61458eb73181 :: cannot insert a non-DEFAULT value into column "total_amount"
[plots] id=8ebfae6e-b7ee-4365-9cc9-0f7f3d5ac0b4 :: cannot insert a non-DEFAULT value into column "total_amount"
[plots] id=c77d3b85-378b-40ac-ae2f-98c932c010a6 :: cannot insert a non-DEFAULT value into column "total_amount"
[plots] id=ec111141-9759-4d21-9614-f58ee8950fe6 :: cannot insert a non-DEFAULT value into column "total_amount"
[plots] id=d8d912c6-356b-45e6-abe7-358866b0d2af :: cannot insert a non-DEFAULT value into column "total_amount"
[plots] id=03f3e82d-557d-4e5b-93f4-39e44ced2811 :: cannot insert a non-DEFAULT value into column "total_amount"
[plots] id=f38bf0d5-3840-4035-9f22-95046ba7244b :: cannot insert a non-DEFAULT value into column "total_amount"
[plots] id=596b0e86-8c82-4423-9078-ae7d84f03109 :: cannot insert a non-DEFAULT value into column "total_amount"
[plots] id=abf37def-d254-4ba1-9f09-4afbdbf9aacc :: cannot insert a non-DEFAULT value into column "total_amount"
[plots] id=ecdd1126-c1ac-42cc-9c00-6044f124734c :: cannot insert a non-DEFAULT value into column "total_amount"
[plots] id=9ac4cfd7-c727-453c-8243-eb101a06615f :: cannot insert a non-DEFAULT value into column "total_amount"
[plots] id=de860a24-986b-466a-b566-9dcf5ec3d693 :: cannot insert a non-DEFAULT value into column "total_amount"
[plots] id=3fe0eff9-0985-401c-90d9-95593f44d442 :: cannot insert a non-DEFAULT value into column "total_amount"
[plots] id=adf2d46b-0076-453e-b5bf-aa519c2b32ce :: cannot insert a non-DEFAULT value into column "total_amount"
[plots] id=63262ba7-8c74-4f54-9836-2ee4c1997d3f :: cannot insert a non-DEFAULT value into column "total_amount"
[plots] id=95d3e3b2-7d7f-4eb9-a2e8-1814d8c0b149 :: cannot insert a non-DEFAULT value into column "total_amount"
[plots] id=dba79ed4-ac8e-462d-a6f6-c50d687609b0 :: cannot insert a non-DEFAULT value into column "total_amount"
[plots] id=6e800c24-9ac0-4554-92a1-d120bcfb90f0 :: cannot insert a non-DEFAULT value into column "total_amount"
[plots] id=69c247b9-0f9d-4ed7-80b2-0f52f3c5b774 :: cannot insert a non-DEFAULT value into column "total_amount"
[plots] id=6daed958-a176-451f-8568-8c7b79ad0a4d :: cannot insert a non-DEFAULT value into column "total_amount"
[plots] id=16f6761c-dd05-4e1e-a0e2-95381e90f40a :: cannot insert a non-DEFAULT value into column "total_amount"
[plots] id=645231b4-9d1e-45e4-8d86-6d3bfc77e349 :: cannot insert a non-DEFAULT value into column "total_amount"
[plots] id=3334f24b-9be5-4069-a449-e24cf9e3a369 :: cannot insert a non-DEFAULT value into column "total_amount"
[plots] id=59a713dd-debd-4d72-9025-e19b4efb551f :: cannot insert a non-DEFAULT value into column "total_amount"
[plots] id=12e1cd2f-597b-4b9d-86bf-8a1bf8528161 :: cannot insert a non-DEFAULT value into column "total_amount"
[plots] id=8471a1ff-7486-4118-bea6-59f525d44aed :: cannot insert a non-DEFAULT value into column "total_amount"
[plots] id=12bdf3e7-e915-4031-a13b-06d2044d0026 :: cannot insert a non-DEFAULT value into column "total_amount"
[plots] id=70815f69-8be1-401d-b84d-5888d5e5a73b :: cannot insert a non-DEFAULT value into column "total_amount"
[plots] id=100468aa-8aca-49e6-9e02-cf410e53e617 :: cannot insert a non-DEFAULT value into column "total_amount"
[plots] id=1d1e0a47-1256-4349-93e0-545b396b61c1 :: cannot insert a non-DEFAULT value into column "total_amount"
[plots] id=cc694212-4295-4a02-8f6c-cdb800937104 :: cannot insert a non-DEFAULT value into column "total_amount"
[plots] id=054be7be-c268-4dfd-9f3a-bb3bacae10fd :: cannot insert a non-DEFAULT value into column "total_amount"
[plots] id=d63504fe-baaa-4bd7-9274-4c034806d548 :: cannot insert a non-DEFAULT value into column "total_amount"
[plots] id=53114c00-5f91-4c9a-9fa5-cff35e28c7b1 :: cannot insert a non-DEFAULT value into column "total_amount"
[plots] id=e1e2715f-8b3e-4c27-a811-aa28f7f1f536 :: cannot insert a non-DEFAULT value into column "total_amount"
[plots] id=740c73e5-27c7-42d4-9344-b871ba7c9112 :: cannot insert a non-DEFAULT value into column "total_amount"
[plots] id=fd377887-acea-45eb-8268-f1b76ba1b080 :: cannot insert a non-DEFAULT value into column "total_amount"
[plots] id=0a27853e-f424-46ed-90d7-71bf476d08a8 :: cannot insert a non-DEFAULT value into column "total_amount"
[plots] id=64cc5aa0-e557-471e-9518-ca0a715fe6eb :: cannot insert a non-DEFAULT value into column "total_amount"
[plots] id=c9d4c255-77b0-4854-ae20-43a1db343e05 :: cannot insert a non-DEFAULT value into column "total_amount"
[plots] id=e694117f-03b7-4fcc-8d9e-26908f5f7126 :: cannot insert a non-DEFAULT value into column "total_amount"
[plots] id=50191331-b472-41eb-a6ec-707b222de32f :: cannot insert a non-DEFAULT value into column "total_amount"
[plots] id=d8cec948-1f3f-4a78-a510-b28cfc199d52 :: cannot insert a non-DEFAULT value into column "total_amount"
[plots] id=9d6da7da-fff9-47a9-8568-b4a8a9d6bb55 :: cannot insert a non-DEFAULT value into column "total_amount"
[plots] id=2bfdcf13-cf9b-49a5-aa8a-847c92ae5d50 :: cannot insert a non-DEFAULT value into column "total_amount"
[plots] id=aaf2f2ba-93c7-4d8f-8de1-0af33af96f02 :: cannot insert a non-DEFAULT value into column "total_amount"
[plots] id=02d561cf-8491-4e27-a95b-64a6b87c5c67 :: cannot insert a non-DEFAULT value into column "total_amount"
[plots] id=d6973dbd-e881-48bf-a06d-e3995ccad5f9 :: cannot insert a non-DEFAULT value into column "total_amount"
[plots] id=b5b579ce-51f6-4732-842f-bdec3eeaaf74 :: cannot insert a non-DEFAULT value into column "total_amount"
[plots] id=21b40ab4-b13d-424c-8cda-010db85d4c26 :: cannot insert a non-DEFAULT value into column "total_amount"
[plots] id=d94b0c53-5384-4b14-acc2-178e2ad36442 :: cannot insert a non-DEFAULT value into column "total_amount"
[plots] id=082a4165-df9d-46a5-b851-8cc3cc65266d :: cannot insert a non-DEFAULT value into column "total_amount"
[plots] id=48bcd2b2-af8f-422f-b538-3c012d9cc735 :: cannot insert a non-DEFAULT value into column "total_amount"
[plots] id=61680dc3-1dc0-446e-ba9f-014a3ffc12ec :: cannot insert a non-DEFAULT value into column "total_amount"
[plots] id=6cf1ae18-79f1-44a3-aed3-ef2ef504aa1f :: cannot insert a non-DEFAULT value into column "total_amount"
[plots] id=bcddff57-dbe1-456d-bda5-27c1851a1dac :: cannot insert a non-DEFAULT value into column "total_amount"
[plots] id=064f976b-0b99-431b-a1f9-6a71cec86147 :: cannot insert a non-DEFAULT value into column "total_amount"
[plots] id=342173ed-1eb2-416c-9c34-635bf0210608 :: cannot insert a non-DEFAULT value into column "total_amount"
[plots] id=78833edb-8212-406a-a29e-bd859f8e9e39 :: cannot insert a non-DEFAULT value into column "total_amount"
[plots] id=fed466dc-1258-40b4-84ec-fe3db28f616c :: cannot insert a non-DEFAULT value into column "total_amount"
[plots] id=86a109a1-3431-4679-8238-74ed9f8357a3 :: cannot insert a non-DEFAULT value into column "total_amount"
[plots] id=29c11028-9ce3-4692-93d3-2446bd031fdf :: cannot insert a non-DEFAULT value into column "total_amount"
[plots] id=62e93949-d9af-4ae0-9022-29ebd79f7443 :: cannot insert a non-DEFAULT value into column "total_amount"
[plots] id=ea82e16a-0521-460c-848d-43ce7933adb1 :: cannot insert a non-DEFAULT value into column "total_amount"
[plots] id=b90cd609-6c26-4b2a-be5d-002adfae64f2 :: cannot insert a non-DEFAULT value into column "total_amount"
[plots] id=e9317ca0-4cb7-4d3e-afd5-cecbed3859b5 :: cannot insert a non-DEFAULT value into column "total_amount"
[plots] id=fd4b5cfb-3add-483a-9eb2-b3ab28f5a1c4 :: cannot insert a non-DEFAULT value into column "total_amount"
[plots] id=c0be74d8-2105-44f5-9ba4-0ce3132eb6e3 :: cannot insert a non-DEFAULT value into column "total_amount"
[plots] id=a1a95840-e00c-4061-904d-e8ba050ddd00 :: cannot insert a non-DEFAULT value into column "total_amount"
[plots] id=d37150a7-1607-46ee-8f9f-39038101fca6 :: cannot insert a non-DEFAULT value into column "total_amount"
[plots] id=82a4c794-77f3-4eb7-91f1-f42e5340dcca :: cannot insert a non-DEFAULT value into column "total_amount"
[plots] id=79047e75-a21f-4516-8783-1652a26dbb63 :: cannot insert a non-DEFAULT value into column "total_amount"
[plots] id=00598925-09ea-4616-9252-254a48f7c952 :: cannot insert a non-DEFAULT value into column "total_amount"
[plots] id=c81478f5-662b-4e5f-a23f-6d8192179d76 :: cannot insert a non-DEFAULT value into column "total_amount"
[plots] id=2cc4f8c3-d803-40bf-b8c0-7ffd985461c6 :: cannot insert a non-DEFAULT value into column "total_amount"
[plots] id=7444da71-4ed1-482e-a8a5-13f0445bcc1d :: cannot insert a non-DEFAULT value into column "total_amount"
[plots] id=236efd58-9fcc-47cc-aea1-02a73153f939 :: cannot insert a non-DEFAULT value into column "total_amount"
[plots] id=3ef8dcb9-5328-4396-a1e0-2200676cbf31 :: cannot insert a non-DEFAULT value into column "total_amount"
[plots] id=e96354ad-b889-4aa3-9280-4101aee10596 :: cannot insert a non-DEFAULT value into column "total_amount"
[plots] id=4ba8fb78-c3b7-457d-8f81-76297613fe6a :: cannot insert a non-DEFAULT value into column "total_amount"
[plots] id=da47bc06-42bd-47a0-a80d-05b2057ef0ec :: cannot insert a non-DEFAULT value into column "total_amount"
[plots] id=0b914fdc-01d2-4b5e-ad5d-9688d74f86a1 :: cannot insert a non-DEFAULT value into column "total_amount"
[plots] id=1fa56b1d-e5a2-4d3e-9880-fa77e8c254a4 :: cannot insert a non-DEFAULT value into column "total_amount"
[plots] id=e6837e4f-f984-46c5-8e60-ec4896745609 :: cannot insert a non-DEFAULT value into column "total_amount"
[plots] id=a96cd074-d667-41ae-b76d-71159bb12154 :: cannot insert a non-DEFAULT value into column "total_amount"
[plots] id=b2d27e57-38f4-4116-a199-7015844b34ae :: cannot insert a non-DEFAULT value into column "total_amount"
[plots] id=5b3e0f9a-4811-4e49-9cf6-1cf5183988c1 :: cannot insert a non-DEFAULT value into column "total_amount"
[plots] id=13e09748-e3b0-47e0-8c62-db345edd956d :: cannot insert a non-DEFAULT value into column "total_amount"
[plots] id=4f1f2c7f-c601-4c45-939c-fcd3f676443b :: cannot insert a non-DEFAULT value into column "total_amount"
[plots] id=05c28014-1fff-498b-ac35-c1ab72c40647 :: cannot insert a non-DEFAULT value into column "total_amount"
[plots] id=86846ab0-0464-4ae5-a870-e88a776c64b9 :: cannot insert a non-DEFAULT value into column "total_amount"
[plots] id=0825cb97-85d1-4a8f-a973-9778bce4a487 :: cannot insert a non-DEFAULT value into column "total_amount"
[plots] id=232a9f70-5a58-43e1-8b69-0a814890e814 :: cannot insert a non-DEFAULT value into column "total_amount"
[plots] id=8deb5f0a-26cd-42d2-b5f7-243e747ff536 :: cannot insert a non-DEFAULT value into column "total_amount"
[plots] id=b8ae2f03-fb25-4362-9613-b7e3a4c727e3 :: cannot insert a non-DEFAULT value into column "total_amount"
[plots] id=3367397c-8157-4a7c-98cb-bcdfa78c7146 :: cannot insert a non-DEFAULT value into column "total_amount"
[plots] id=374ec519-3513-4b7d-b887-59adf12f887f :: cannot insert a non-DEFAULT value into column "total_amount"
[plots] id=e9fae0ca-b6bd-4646-9035-d94a56d62e36 :: cannot insert a non-DEFAULT value into column "total_amount"
[plots] id=f353ff2d-43fc-463d-a1c2-27515756fcea :: cannot insert a non-DEFAULT value into column "total_amount"
[plots] id=35cf5667-0d23-4c1a-8369-bc42e20785d3 :: cannot insert a non-DEFAULT value into column "total_amount"
[plots] id=bdb2522a-34a5-4999-83ae-914870aa3570 :: cannot insert a non-DEFAULT value into column "total_amount"
[plots] id=605cc2a0-cef4-4cc9-adc9-00943f00ffde :: cannot insert a non-DEFAULT value into column "total_amount"
[plots] id=b107da9e-569a-4a32-8828-259a5b4af26b :: cannot insert a non-DEFAULT value into column "total_amount"
[plots] id=6652ab7b-3140-4eb3-9407-d31f526aa092 :: cannot insert a non-DEFAULT value into column "total_amount"
[plots] id=61d36d5e-f035-4155-a305-404d88010089 :: cannot insert a non-DEFAULT value into column "total_amount"
[plots] id=fc0a8033-e9e4-496d-ad8f-c26028c3d8b8 :: cannot insert a non-DEFAULT value into column "total_amount"
[plots] id=ca72653e-0615-49e2-ab60-400db43a562f :: cannot insert a non-DEFAULT value into column "total_amount"
[plots] id=36032aa4-41e0-4e3d-b7d8-3cadf3aa84fe :: cannot insert a non-DEFAULT value into column "total_amount"
[plots] id=9b7034fa-3e41-462d-b1e4-a7e5a5eb01e3 :: cannot insert a non-DEFAULT value into column "total_amount"
[plots] id=88a2efe9-7f9c-46c0-aa27-6b1ffeba4288 :: cannot insert a non-DEFAULT value into column "total_amount"
[plots] id=cad5d3f4-8025-40ee-b293-4343ab03cf53 :: cannot insert a non-DEFAULT value into column "total_amount"
[plots] id=796d5db2-043d-4448-bc1e-32fffb3b6e6f :: cannot insert a non-DEFAULT value into column "total_amount"
[plots] id=ddc63bc0-e2e7-4a9b-96d4-fb204fc0529e :: cannot insert a non-DEFAULT value into column "total_amount"
[plots] id=4ed58af1-6ff4-4d2c-a3b9-799fb7e3e676 :: cannot insert a non-DEFAULT value into column "total_amount"
[plots] id=56dd04d9-7a22-4874-88e9-99916259363b :: cannot insert a non-DEFAULT value into column "total_amount"
[plots] id=c090998f-c131-473e-9060-893a7423b95f :: cannot insert a non-DEFAULT value into column "total_amount"
[plots] id=56811e33-29c8-4a05-86c4-cc064e01c12e :: cannot insert a non-DEFAULT value into column "total_amount"
[plots] id=199f1960-23e6-4431-89a7-85289e05468d :: cannot insert a non-DEFAULT value into column "total_amount"
[plots] id=4fb73487-a4e8-4261-9b70-ca9e6fead571 :: cannot insert a non-DEFAULT value into column "total_amount"
[plots] id=38c2f363-1411-4e74-aba6-622357cbb285 :: cannot insert a non-DEFAULT value into column "total_amount"
[plots] id=d0875e10-85ec-45a0-bd94-83004ff5f0f7 :: cannot insert a non-DEFAULT value into column "total_amount"
[plots] id=5f692dab-aa30-4049-af6f-2ced2b6ffb29 :: cannot insert a non-DEFAULT value into column "total_amount"
[plots] id=90c524fd-e378-449a-b3fa-0627a3d6cf3e :: cannot insert a non-DEFAULT value into column "total_amount"
[plots] id=603bcf3c-4f3a-4be7-a575-83419aa1a1c9 :: cannot insert a non-DEFAULT value into column "total_amount"
[plots] id=fbb80d7c-c622-4f7b-be99-dbce21c0d97d :: cannot insert a non-DEFAULT value into column "total_amount"
[plots] id=668be6b0-939b-4731-80a3-44938b5f0f61 :: cannot insert a non-DEFAULT value into column "total_amount"
[plots] id=1d919c25-2603-4f26-83b8-fb44746f3ddc :: cannot insert a non-DEFAULT value into column "total_amount"
[plots] id=119cd65b-fb8e-45c0-8684-003a998c2d6e :: cannot insert a non-DEFAULT value into column "total_amount"
[plots] id=e7909edb-a221-4eee-910b-a1f4b8eb5de5 :: cannot insert a non-DEFAULT value into column "total_amount"
[plots] id=1be11fc7-ceda-42d9-ad4f-eb22d21d23fe :: cannot insert a non-DEFAULT value into column "total_amount"
[plots] id=d1edfc57-477b-4416-9a4e-3f88aa3a0c35 :: cannot insert a non-DEFAULT value into column "total_amount"
[plots] id=4279e922-1c23-4f54-bc05-359aa363c9f2 :: cannot insert a non-DEFAULT value into column "total_amount"
[plots] id=48e9d9f6-efd0-4fc7-9eb4-6fc2b3daf533 :: cannot insert a non-DEFAULT value into column "total_amount"
[plots] id=790f04d5-1c23-4e9d-8be9-6a561ab92557 :: cannot insert a non-DEFAULT value into column "total_amount"
[plots] id=b0da606c-00da-46b9-9ebf-351054952ee8 :: cannot insert a non-DEFAULT value into column "total_amount"
[plots] id=99d55961-bfa0-45ff-85f9-234ab34648b6 :: cannot insert a non-DEFAULT value into column "total_amount"
[plots] id=07a32a33-cebe-4a0b-a175-178740526d9a :: cannot insert a non-DEFAULT value into column "total_amount"
[plots] id=7b62e4b1-c932-40c2-9be5-a7bbbf5eb4c3 :: cannot insert a non-DEFAULT value into column "total_amount"
[plots] id=93c1373c-ef71-4bfd-9ca0-6dc1e1bb4bfb :: cannot insert a non-DEFAULT value into column "total_amount"
[plots] id=fe984e81-9f3f-47f9-bc13-576aaa55385f :: cannot insert a non-DEFAULT value into column "total_amount"
[plots] id=8581af5b-7821-4811-a4e1-2c074ef090fa :: cannot insert a non-DEFAULT value into column "total_amount"
[plots] id=40e87454-7e0b-4a73-9278-631cfe8e386d :: cannot insert a non-DEFAULT value into column "total_amount"
[plots] id=d1a92f9a-cb6f-4da0-a2b7-460c8f9475a5 :: cannot insert a non-DEFAULT value into column "total_amount"
[plots] id=877ed3cb-b58e-40f9-b4a2-426650d373e3 :: cannot insert a non-DEFAULT value into column "total_amount"
[plots] id=ca33d2fc-6f76-4538-8e22-6bb3db03ea5c :: cannot insert a non-DEFAULT value into column "total_amount"
[plots] id=8515d964-f5f5-4666-8144-c2a60aca49df :: cannot insert a non-DEFAULT value into column "total_amount"
[plots] id=07bb4c04-000f-4f2b-8242-47b672469500 :: cannot insert a non-DEFAULT value into column "total_amount"
[plots] id=719bf95d-4011-459c-ad6b-24ecca3ac5e5 :: cannot insert a non-DEFAULT value into column "total_amount"
[plots] id=0d10b972-5639-4061-9452-aa1ff1461d32 :: cannot insert a non-DEFAULT value into column "total_amount"
[plots] id=b802513a-acfe-4bac-b65d-92700ae8548f :: cannot insert a non-DEFAULT value into column "total_amount"
[plots] id=420a5f4f-194c-4fce-aeaa-cf8ffc438a62 :: cannot insert a non-DEFAULT value into column "total_amount"
[plots] id=a9573c2c-2dde-47dd-acb2-a816dae88458 :: cannot insert a non-DEFAULT value into column "total_amount"
[plots] id=1e530b71-6aba-4ee9-81a6-69d497926c31 :: cannot insert a non-DEFAULT value into column "total_amount"
[plots] id=316a267d-5cc4-4452-9952-8b1bef3b0156 :: cannot insert a non-DEFAULT value into column "total_amount"
[plots] id=087c7b5f-d8f5-4711-91c5-cfc5a2a3c0a2 :: cannot insert a non-DEFAULT value into column "total_amount"
[plots] id=64dc3a47-6e99-4bff-8af7-e3c9c81e7b7e :: cannot insert a non-DEFAULT value into column "total_amount"
[plots] id=13b6e94b-216f-4ee9-894e-e1f315750062 :: cannot insert a non-DEFAULT value into column "total_amount"
[plots] id=cdb0414a-d381-44dd-b066-c378afd7057a :: cannot insert a non-DEFAULT value into column "total_amount"
[plots] id=7eff9c41-effd-40b4-8a58-49423a12ab19 :: cannot insert a non-DEFAULT value into column "total_amount"
[plots] id=8fa327a0-4817-42e1-afa3-53c25a395680 :: cannot insert a non-DEFAULT value into column "total_amount"
[plots] id=4376d4cd-e89a-4aed-b4ba-ee3be27f44fa :: cannot insert a non-DEFAULT value into column "total_amount"
[plots] id=66d1a90f-c6e8-47d5-8da7-e7d6394a70ea :: cannot insert a non-DEFAULT value into column "total_amount"
[plots] id=d2b5aac6-dee0-45e7-9b61-00cca33d5934 :: cannot insert a non-DEFAULT value into column "total_amount"
[plots] id=5620a7e2-852f-4c7e-9f24-462e35445782 :: cannot insert a non-DEFAULT value into column "total_amount"
[plots] id=29a84951-8a96-4659-8c68-1c06b0de3a99 :: cannot insert a non-DEFAULT value into column "total_amount"
[plots] id=83be999e-4376-4a62-85a3-d559216c7aee :: cannot insert a non-DEFAULT value into column "total_amount"
[plots] id=7ee41bb7-43d4-4850-820d-b534d8a7e5b6 :: cannot insert a non-DEFAULT value into column "total_amount"
[plots] id=7e28a7a0-3f9e-4b75-9204-8866c4d0c740 :: cannot insert a non-DEFAULT value into column "total_amount"
[plots] id=d5ecf036-7906-40b3-b596-f39159b1a774 :: cannot insert a non-DEFAULT value into column "total_amount"
[plots] id=6a259d48-7a36-492a-8cd8-a12e5aaa8b8c :: cannot insert a non-DEFAULT value into column "total_amount"
[plots] id=eb7ce39b-9b81-4920-9778-b38d18866d97 :: cannot insert a non-DEFAULT value into column "total_amount"
[plots] id=fdc312f3-7979-490e-9754-7a169840cb23 :: cannot insert a non-DEFAULT value into column "total_amount"
[plots] id=4ffd9aa4-e9e1-4c32-90e5-a6189bcd4b2d :: cannot insert a non-DEFAULT value into column "total_amount"
[plots] id=f2bd52f8-217d-4b8e-875d-82697339d416 :: cannot insert a non-DEFAULT value into column "total_amount"
[plots] id=c267b888-7254-47ed-ab20-2e4fd156612c :: cannot insert a non-DEFAULT value into column "total_amount"
[plots] id=59a6e0c9-d694-493a-ac8e-e637f691dd7d :: cannot insert a non-DEFAULT value into column "total_amount"
[plots] id=5bf41d92-c334-4dab-9925-b311c01ffdae :: cannot insert a non-DEFAULT value into column "total_amount"
[plots] id=848a02e0-181b-4b44-9fd9-508d3fc393ac :: cannot insert a non-DEFAULT value into column "total_amount"
[plots] id=ab6a3024-2be8-45a4-b62f-ae0662b7675f :: cannot insert a non-DEFAULT value into column "total_amount"
[plots] id=5f20921f-057e-47ed-8e3a-4d8b56624ae2 :: cannot insert a non-DEFAULT value into column "total_amount"
[plots] id=beab1816-809e-42b5-a045-f8f1d6b071f6 :: cannot insert a non-DEFAULT value into column "total_amount"
[plots] id=fb2e489d-ab69-43e8-b403-71427145518d :: cannot insert a non-DEFAULT value into column "total_amount"
[plots] id=882f8f4c-93b5-4cb8-9498-2dc180b7027d :: cannot insert a non-DEFAULT value into column "total_amount"
[plots] id=ccad6b15-0247-424d-b65f-57c2d5929b78 :: cannot insert a non-DEFAULT value into column "total_amount"
[plots] id=c5227cda-65c2-4353-b418-97725431d266 :: cannot insert a non-DEFAULT value into column "total_amount"
[plots] id=91b20abe-e324-43fd-a6a3-14b862fe4fd7 :: cannot insert a non-DEFAULT value into column "total_amount"
[plots] id=6a5df21d-6daf-405b-a392-c416effe36d1 :: cannot insert a non-DEFAULT value into column "total_amount"
[plots] id=d94f3890-b24f-4d38-a150-e42e2bb2af27 :: cannot insert a non-DEFAULT value into column "total_amount"
[plots] id=372c358f-55f4-43c7-a9d8-92a812148165 :: cannot insert a non-DEFAULT value into column "total_amount"
[plots] id=515dff72-63d6-45bd-94e7-6bd61f033c25 :: cannot insert a non-DEFAULT value into column "total_amount"
[plots] id=23adb2d1-c24e-4b1e-9187-180f854a2b2d :: cannot insert a non-DEFAULT value into column "total_amount"
[plots] id=03b12be2-289c-4efe-8415-393dd081fbe4 :: cannot insert a non-DEFAULT value into column "total_amount"
[plots] id=f6a5e6bd-00cb-4e40-82a4-bc2b3cffd6b7 :: cannot insert a non-DEFAULT value into column "total_amount"
[plots] id=576ba562-897a-4932-914a-33bf7cc8805f :: cannot insert a non-DEFAULT value into column "total_amount"
[plots] id=27e1cbaa-60c8-45a6-a909-ae5aaf02d381 :: cannot insert a non-DEFAULT value into column "total_amount"
[plots] id=da0704d1-377c-4186-8ff3-5c78bd7a9e98 :: cannot insert a non-DEFAULT value into column "total_amount"
[plots] id=e7d3454c-a229-4413-9353-1febdff62f2b :: cannot insert a non-DEFAULT value into column "total_amount"
[plots] id=a1929126-ffed-4c9d-8122-c3738136a841 :: cannot insert a non-DEFAULT value into column "total_amount"
[plots] id=b6c45245-5604-41ce-913d-802bfa50ae41 :: cannot insert a non-DEFAULT value into column "total_amount"
[plots] id=70124d6c-8fcc-42fc-9c14-a6592ad5838b :: cannot insert a non-DEFAULT value into column "total_amount"
[plots] id=1be2203e-19cf-4cec-a0d4-d87786fd479e :: cannot insert a non-DEFAULT value into column "total_amount"
[plots] id=8bd7f6d7-e0db-48e4-9a6b-ebe43c1891eb :: cannot insert a non-DEFAULT value into column "total_amount"
[plots] id=5ea1ad0c-27fc-44df-9933-0538af4a6d71 :: cannot insert a non-DEFAULT value into column "total_amount"
[plots] id=ec8ae3a6-ce23-4b98-b077-0ff2f1ad2d21 :: cannot insert a non-DEFAULT value into column "total_amount"
[plots] id=4113bd0d-90e9-44c8-90e9-99b4a9c996f2 :: cannot insert a non-DEFAULT value into column "total_amount"
[plots] id=f83af25b-e3ff-410a-9e84-bdf23963ae58 :: cannot insert a non-DEFAULT value into column "total_amount"
[plots] id=7aba5b2a-3b7e-48e3-8fb6-de1d302f2c59 :: cannot insert a non-DEFAULT value into column "total_amount"
[plots] id=ff5b330a-377d-4e5e-a293-f0e3afda9ad0 :: cannot insert a non-DEFAULT value into column "total_amount"
[plots] id=5b6b74f6-1e1b-406d-b48e-70d77a20f0da :: cannot insert a non-DEFAULT value into column "total_amount"
[plots] id=69a8e5ba-cb20-4d64-9107-5f984ae5a668 :: cannot insert a non-DEFAULT value into column "total_amount"
[plots] id=b2517075-c0b4-4a76-afea-dcc55d7967bd :: cannot insert a non-DEFAULT value into column "total_amount"
[plots] id=29f16d95-300f-47cf-ad87-d2c42c08ec2d :: cannot insert a non-DEFAULT value into column "total_amount"
[plots] id=834242cc-ce49-495f-b4d1-f9c460981f85 :: cannot insert a non-DEFAULT value into column "total_amount"
[plots] id=c61d2a9e-ba02-42ea-9955-2a818d000356 :: cannot insert a non-DEFAULT value into column "total_amount"
[plots] id=36993a62-a9dd-47a6-b40f-0622050fa2c6 :: cannot insert a non-DEFAULT value into column "total_amount"
[plots] id=c1bb3ab5-4c99-4e74-8008-2888f1f84c0e :: cannot insert a non-DEFAULT value into column "total_amount"
[plots] id=c2ab3526-f6b0-42d6-a825-e9164c093d9a :: cannot insert a non-DEFAULT value into column "total_amount"
[plots] id=13632327-31a9-48f8-863c-48f40ee8d65c :: cannot insert a non-DEFAULT value into column "total_amount"
[plots] id=c23a46d6-d7ce-4af7-902b-92f8a3bd827d :: cannot insert a non-DEFAULT value into column "total_amount"
[plots] id=f57cfbee-c40a-48f5-877a-16d42499dd30 :: cannot insert a non-DEFAULT value into column "total_amount"
[plots] id=69e111a7-ada5-4880-952f-026c66467aff :: cannot insert a non-DEFAULT value into column "total_amount"
[plots] id=071f4100-329f-4cae-88a4-fb3c3d8f4f06 :: cannot insert a non-DEFAULT value into column "total_amount"
[plots] id=1f6304ae-575d-4917-9a02-c5353720448a :: cannot insert a non-DEFAULT value into column "total_amount"
[plots] id=9e95a40c-d702-4606-beba-84b951058a3c :: cannot insert a non-DEFAULT value into column "total_amount"
[plots] id=a9cbbcb7-c368-46b1-b052-1e6e21f8e237 :: cannot insert a non-DEFAULT value into column "total_amount"
[plots] id=8120e03a-5d0a-442b-ae6c-25933076d3a7 :: cannot insert a non-DEFAULT value into column "total_amount"
[plots] id=e5989b5f-d0f3-4e84-851c-84eee42c6ed6 :: cannot insert a non-DEFAULT value into column "total_amount"
[plots] id=6c130e16-4808-4721-8c60-395d4141f959 :: cannot insert a non-DEFAULT value into column "total_amount"
[plots] id=fd258d35-da6a-4c37-8b4a-d2c3f820b1d0 :: cannot insert a non-DEFAULT value into column "total_amount"
[plots] id=958bada0-db7f-4f99-b537-3361dbde1921 :: cannot insert a non-DEFAULT value into column "total_amount"
[plots] id=06ecbb37-570b-4f69-88bf-781d25019d7a :: cannot insert a non-DEFAULT value into column "total_amount"
[plots] id=30811b62-cdfd-4422-97fc-ca15c2c8a473 :: cannot insert a non-DEFAULT value into column "total_amount"
[plots] id=1c7b1ff2-eb24-42f9-86e4-d0da58eeff20 :: cannot insert a non-DEFAULT value into column "total_amount"
[plots] id=60693203-14a4-4c2e-93c0-e87722042057 :: cannot insert a non-DEFAULT value into column "total_amount"
[plots] id=b51b485d-e700-4e27-b0ce-cfbf6efde145 :: cannot insert a non-DEFAULT value into column "total_amount"
[plots] id=5b458df0-6f9b-4795-986b-bb11cfaae2b4 :: cannot insert a non-DEFAULT value into column "total_amount"
[plots] id=ad4885b4-c82a-4f3d-9878-e29425f11d69 :: cannot insert a non-DEFAULT value into column "total_amount"
[plots] id=788f7b38-6bb9-4e19-86c0-f6b69eba2170 :: cannot insert a non-DEFAULT value into column "total_amount"
[plots] id=ea8050df-e411-44a9-b991-3fc6ebfec2f5 :: cannot insert a non-DEFAULT value into column "total_amount"
[plots] id=c2b48f3e-6fc5-4c45-ac92-2d24ef716e7e :: cannot insert a non-DEFAULT value into column "total_amount"
[plots] id=321853bf-d4e2-4e24-be3f-0d339dd16b32 :: cannot insert a non-DEFAULT value into column "total_amount"
[plots] id=7129c9ae-88d6-49da-bfff-ca4e80c0ef97 :: cannot insert a non-DEFAULT value into column "total_amount"
[plots] id=13bd0b7d-7276-4545-8ae6-cffe72d08d85 :: cannot insert a non-DEFAULT value into column "total_amount"
[plots] id=029e112f-eb8b-4af4-ac1b-633479475af4 :: cannot insert a non-DEFAULT value into column "total_amount"
[plots] id=1d7f8828-8158-45c7-bce4-c6c2d1bad673 :: cannot insert a non-DEFAULT value into column "total_amount"
[plots] id=d4e4d0fe-e1a2-45fc-8db3-0b2ac7ea0504 :: cannot insert a non-DEFAULT value into column "total_amount"
[plots] id=12bf4689-095f-4704-97a5-e934be7a2bab :: cannot insert a non-DEFAULT value into column "total_amount"
[plots] id=978df611-05d2-4c1b-a9ee-5894ce38024f :: cannot insert a non-DEFAULT value into column "total_amount"
[plots] id=f38c8143-4adf-445e-95c8-99f244dd996b :: cannot insert a non-DEFAULT value into column "total_amount"
[plots] id=f7ee5fd3-ff10-4a64-a722-4c6f409b881d :: cannot insert a non-DEFAULT value into column "total_amount"
[plots] id=fa9bfcce-5025-4f19-ad4a-7781014b0624 :: cannot insert a non-DEFAULT value into column "total_amount"
[plots] id=44c19614-91e5-4813-86b9-8444918b536d :: cannot insert a non-DEFAULT value into column "total_amount"
[plots] id=ac39ee64-778f-4f05-bc9b-b05ea7813bc1 :: cannot insert a non-DEFAULT value into column "total_amount"
[plots] id=ecdc5cc7-e1ca-428c-b527-ba44e341b048 :: cannot insert a non-DEFAULT value into column "total_amount"
[plots] id=b90067ca-a999-4484-b331-f83005509c36 :: cannot insert a non-DEFAULT value into column "total_amount"
[plots] id=da74b9aa-feb9-4fe8-a6a7-13dd8b07b345 :: cannot insert a non-DEFAULT value into column "total_amount"
[plots] id=776f82f0-9d76-4b2e-a37f-459a2fcd6d7d :: cannot insert a non-DEFAULT value into column "total_amount"
[plots] id=d9b5f453-6209-49a9-a57f-0f338efa1687 :: cannot insert a non-DEFAULT value into column "total_amount"
[plots] id=9ddc9437-5939-4867-ba43-a5cd1b17fa7d :: cannot insert a non-DEFAULT value into column "total_amount"
[plots] id=868368d5-3f47-430a-9961-dd32d0368658 :: cannot insert a non-DEFAULT value into column "total_amount"
[plots] id=0692025d-ae9e-4eea-943d-7fa74dce807c :: cannot insert a non-DEFAULT value into column "total_amount"
[plots] id=79e3dccb-2a42-4255-86f2-42958cf5597e :: cannot insert a non-DEFAULT value into column "total_amount"
[plots] id=9c1b0241-1a51-4f4d-a2f5-5fa8b362f34d :: cannot insert a non-DEFAULT value into column "total_amount"
[plots] id=dfbc5899-be9f-4ab5-91d1-da8a7688e900 :: cannot insert a non-DEFAULT value into column "total_amount"
[plots] id=302cecf8-ce45-440c-922a-997909ccb3fe :: cannot insert a non-DEFAULT value into column "total_amount"
[plots] id=db51b181-fa4f-4c6c-bbe2-bf30ac60e31a :: cannot insert a non-DEFAULT value into column "total_amount"
[plots] id=7d2aae8e-d6a1-4781-97d3-2f7376a80b7d :: cannot insert a non-DEFAULT value into column "total_amount"
[plots] id=9fb05ee8-30e8-44aa-a80a-54e127cd3732 :: cannot insert a non-DEFAULT value into column "total_amount"
[plots] id=b0293902-4486-4a28-9e8f-b7c3ffa4a418 :: cannot insert a non-DEFAULT value into column "total_amount"
[plots] id=c70a29d1-ba3d-4fd9-9a3a-6199ac1950f8 :: cannot insert a non-DEFAULT value into column "total_amount"
[plots] id=9c376729-817d-46ff-966b-b1e96e3b08e8 :: cannot insert a non-DEFAULT value into column "total_amount"
[plots] id=09bd6e72-9c81-467b-ad23-18b340ca601b :: cannot insert a non-DEFAULT value into column "total_amount"
[plots] id=4f812278-9120-496d-8216-b553a4971ba3 :: cannot insert a non-DEFAULT value into column "total_amount"
[plots] id=2f95c06e-06cd-43d5-aaaa-584f94e9666c :: cannot insert a non-DEFAULT value into column "total_amount"
[plots] id=12e28fd2-220c-4eaf-9361-f314401e382c :: cannot insert a non-DEFAULT value into column "total_amount"
[plots] id=8f0948eb-5b52-4b11-94af-2724b1520e90 :: cannot insert a non-DEFAULT value into column "total_amount"
[plots] id=699babed-c8fd-4483-bc4a-d20e2cf71394 :: cannot insert a non-DEFAULT value into column "total_amount"
[plots] id=67d74224-174b-4a6e-abb9-7a1d64e0ba95 :: cannot insert a non-DEFAULT value into column "total_amount"
[plots] id=576ceebc-b778-4550-b470-59b47aad6f51 :: cannot insert a non-DEFAULT value into column "total_amount"
[plots] id=082a345f-80e4-49b0-8b3b-d42a02d1d8bb :: cannot insert a non-DEFAULT value into column "total_amount"
[plots] id=d1c12c85-7250-493b-8138-50a39dc60c31 :: cannot insert a non-DEFAULT value into column "total_amount"
[plots] id=a8eb140f-3fd4-4037-a43c-0bc791dc1b86 :: cannot insert a non-DEFAULT value into column "total_amount"
[plots] id=5a320a29-d7a3-4c0d-aa41-42de77109887 :: cannot insert a non-DEFAULT value into column "total_amount"
[plots] id=fc15dc30-c474-48d0-8966-11f8d7716104 :: cannot insert a non-DEFAULT value into column "total_amount"
[plots] id=de3c4941-d87e-4c80-9596-77f90ff64b7b :: cannot insert a non-DEFAULT value into column "total_amount"
[plots] id=b364a95b-89ee-4c01-8bd0-853219f28f6f :: cannot insert a non-DEFAULT value into column "total_amount"
[plots] id=af814c30-182c-4613-a8f6-5f58385b629a :: cannot insert a non-DEFAULT value into column "total_amount"
[plots] id=5769cc3b-9bc2-4d27-b106-1ef8ea862b0f :: cannot insert a non-DEFAULT value into column "total_amount"
[plots] id=a28a0ea8-cbf4-43b7-af6a-23650a5654bf :: cannot insert a non-DEFAULT value into column "total_amount"
[plots] id=38b36549-1ff6-4a70-880b-204092258a89 :: cannot insert a non-DEFAULT value into column "total_amount"
[plots] id=e67d7608-b600-44b1-b064-467f8d1f24fd :: cannot insert a non-DEFAULT value into column "total_amount"
[plots] id=984bde8d-487d-4dc8-b3af-399bf8522998 :: cannot insert a non-DEFAULT value into column "total_amount"
[plots] id=69a05574-9c56-4f5d-a51a-88c803374389 :: cannot insert a non-DEFAULT value into column "total_amount"
[plots] id=7ba30db3-a8b5-4d04-8650-9a42b0b5c9f7 :: cannot insert a non-DEFAULT value into column "total_amount"
[plots] id=253a670a-51b8-4c46-b3fc-a88975cb0295 :: cannot insert a non-DEFAULT value into column "total_amount"
[plots] id=a4aeeb54-3582-4b79-b6be-9ebb79dc49f5 :: cannot insert a non-DEFAULT value into column "total_amount"
[plots] id=9f1d220a-8bfb-4d0f-9341-e9820dea526b :: cannot insert a non-DEFAULT value into column "total_amount"
[plots] id=759d0ee2-42fe-4a95-a453-ed7740b86067 :: cannot insert a non-DEFAULT value into column "total_amount"
[plots] id=fead0537-a314-430b-b6bf-62096cb57753 :: cannot insert a non-DEFAULT value into column "total_amount"
[plots] id=335bfabd-5a5e-4233-83a1-78a8257998a9 :: cannot insert a non-DEFAULT value into column "total_amount"
[plots] id=0c05c30e-9a4b-4e88-8a35-da9c940a804f :: cannot insert a non-DEFAULT value into column "total_amount"
[plots] id=7a1f5d34-0269-4df7-a5aa-20c87eb803c8 :: cannot insert a non-DEFAULT value into column "total_amount"
[plots] id=516eb15b-b204-497d-bdaf-c929e4231db9 :: cannot insert a non-DEFAULT value into column "total_amount"
[plots] id=5f5f26a9-c19b-4af5-b375-f370293a6cfc :: cannot insert a non-DEFAULT value into column "total_amount"
[plots] id=50819c75-3db6-4059-85cb-0de733233aa1 :: cannot insert a non-DEFAULT value into column "total_amount"
[plots] id=5f086574-ec35-48c8-9682-4ef71888c877 :: cannot insert a non-DEFAULT value into column "total_amount"
[plots] id=4d270174-e72d-40b6-8523-7b705ee7e369 :: cannot insert a non-DEFAULT value into column "total_amount"
[plots] id=55bf4ed5-864e-4af8-b115-5c6261c3d6d1 :: cannot insert a non-DEFAULT value into column "total_amount"
[plots] id=994a45a7-c0db-4574-962f-a68b9448d9d4 :: cannot insert a non-DEFAULT value into column "total_amount"
[plots] id=0426f270-a3bf-4c63-be78-7039fcca2dbe :: cannot insert a non-DEFAULT value into column "total_amount"
[plots] id=ff084979-2373-4894-bbb1-9e52971ec2c9 :: cannot insert a non-DEFAULT value into column "total_amount"
[plots] id=2f08dc8b-b682-4756-b9d0-157f6ba5c084 :: cannot insert a non-DEFAULT value into column "total_amount"
[plots] id=0f1b6aa3-4dc4-42bc-958b-89dccbca21e0 :: cannot insert a non-DEFAULT value into column "total_amount"
[plots] id=906ffc42-258d-49e5-852a-7da80c93dd88 :: cannot insert a non-DEFAULT value into column "total_amount"
[plots] id=80e8b371-8906-4591-94cb-c8baa630a766 :: cannot insert a non-DEFAULT value into column "total_amount"
[plots] id=16654c70-3a6c-4e16-8871-82375323f74c :: cannot insert a non-DEFAULT value into column "total_amount"
[plots] id=ff2cbf34-a574-4c6e-bf98-a89a4d3738dd :: cannot insert a non-DEFAULT value into column "total_amount"
[plots] id=7367bb37-f636-4974-b5fb-615061a504b8 :: cannot insert a non-DEFAULT value into column "total_amount"
[plots] id=c9e9bb34-c2df-449a-a810-945fbc539a80 :: cannot insert a non-DEFAULT value into column "total_amount"
[plots] id=7ecc48c4-8f83-4d35-a815-13a46befb059 :: cannot insert a non-DEFAULT value into column "total_amount"
[plots] id=59662bee-3d6e-4392-bb60-63a32fe2a577 :: cannot insert a non-DEFAULT value into column "total_amount"
[plots] id=349fe03d-08f5-407e-9113-2c5dd2203cab :: cannot insert a non-DEFAULT value into column "total_amount"
[plots] id=cbbae615-07e2-4a78-9bcf-6c86d5ff75f3 :: cannot insert a non-DEFAULT value into column "total_amount"
[plots] id=5c1e8bcb-425a-4f38-bb74-4c84e25ba1bb :: cannot insert a non-DEFAULT value into column "total_amount"
[plots] id=b3081549-9121-4d9e-86a4-8341c6dec503 :: cannot insert a non-DEFAULT value into column "total_amount"
[plots] id=dbc177e3-def0-49e6-b0db-df61aee012d3 :: cannot insert a non-DEFAULT value into column "total_amount"
[plots] id=ddc77012-68c6-4129-970e-ffbed12935b0 :: cannot insert a non-DEFAULT value into column "total_amount"
[plots] id=ee8cef5a-7aab-4bd8-abe1-9213f5d83bc6 :: cannot insert a non-DEFAULT value into column "total_amount"
[plots] id=e516b863-f3ba-4145-9f76-5c1232f2c4a5 :: cannot insert a non-DEFAULT value into column "total_amount"
[plots] id=ed02042d-f2e4-420c-b555-675daffda035 :: cannot insert a non-DEFAULT value into column "total_amount"
[plots] id=d0c5a36b-1436-4e0d-ae22-eca7737dc466 :: cannot insert a non-DEFAULT value into column "total_amount"
[plots] id=e8b70f05-3928-44fe-a7a9-58bf884152b8 :: cannot insert a non-DEFAULT value into column "total_amount"
[plots] id=535e60ee-791c-4863-a4a0-be05041cc769 :: cannot insert a non-DEFAULT value into column "total_amount"
[plots] id=355151d0-f588-4a31-b78d-ff30fc2daa17 :: cannot insert a non-DEFAULT value into column "total_amount"
[plots] id=e0477462-8707-4615-9047-4399ae2fb009 :: cannot insert a non-DEFAULT value into column "total_amount"
[plots] id=b3c0ca3b-71eb-416e-a1fa-973f090b5d58 :: cannot insert a non-DEFAULT value into column "total_amount"
[plots] id=38fd8519-0f70-4990-8b71-69176efc1347 :: cannot insert a non-DEFAULT value into column "total_amount"
[plots] id=095b3eac-331c-4308-b124-34ff4a5c3875 :: cannot insert a non-DEFAULT value into column "total_amount"
[plots] id=bf163f86-6e33-49a4-88cc-680d25cf78bd :: cannot insert a non-DEFAULT value into column "total_amount"
[plots] id=30369275-11e5-41ca-bfe8-1b27a67ba342 :: cannot insert a non-DEFAULT value into column "total_amount"
[plots] id=9f95c1e0-1c0f-45b8-bad9-6a094021538a :: cannot insert a non-DEFAULT value into column "total_amount"
[plots] id=cbcb0ca6-1a79-468d-a197-82b85e165e49 :: cannot insert a non-DEFAULT value into column "total_amount"
[plots] id=ddf95737-35eb-447e-819e-e5543f379c36 :: cannot insert a non-DEFAULT value into column "total_amount"
[plots] id=ad4802c2-9f7c-463f-92a9-55e5f6ef8331 :: cannot insert a non-DEFAULT value into column "total_amount"
[plots] id=1733af0c-f4c3-4fb9-a691-524084d3caa1 :: cannot insert a non-DEFAULT value into column "total_amount"
[plots] id=0fd80c52-9cbf-4be3-8134-6a7ff1e4a140 :: cannot insert a non-DEFAULT value into column "total_amount"
[plots] id=07fbbaad-518c-49da-a75e-401d2e3f8154 :: cannot insert a non-DEFAULT value into column "total_amount"
[plots] id=57b485c9-cf70-4698-bc5a-79e063e5076a :: cannot insert a non-DEFAULT value into column "total_amount"
[plots] id=619091b8-b11e-437a-ad6d-def535405ad9 :: cannot insert a non-DEFAULT value into column "total_amount"
[plots] id=96eaa894-294d-4dca-977a-b19da1655cad :: cannot insert a non-DEFAULT value into column "total_amount"
[plots] id=2a874c41-5c10-4a01-8cd2-8afbdad285d1 :: cannot insert a non-DEFAULT value into column "total_amount"
[plots] id=346dcb9d-e71e-479b-9fc1-d2c4568ccfa4 :: cannot insert a non-DEFAULT value into column "total_amount"
[plots] id=d97960ea-cc11-4609-ad41-9896601627fc :: cannot insert a non-DEFAULT value into column "total_amount"
[plots] id=4d5f7e51-e61d-499e-a5f7-c965efb622d5 :: cannot insert a non-DEFAULT value into column "total_amount"
[plots] id=eb5390d9-946c-4c31-9a14-4869ada2b755 :: cannot insert a non-DEFAULT value into column "total_amount"
[plots] id=1b3ba989-aab2-45ba-a3e4-e47b32263cea :: cannot insert a non-DEFAULT value into column "total_amount"
[plots] id=85a46829-d31c-4951-96e8-807bd5828952 :: cannot insert a non-DEFAULT value into column "total_amount"
[plots] id=dd4a2279-ebd7-4ecc-a534-31272de0e1bf :: cannot insert a non-DEFAULT value into column "total_amount"
[plots] id=4431eb14-804c-4801-919d-00632315ca69 :: cannot insert a non-DEFAULT value into column "total_amount"
[plots] id=c40a2226-66b4-4308-9e03-20e8839a6bd6 :: cannot insert a non-DEFAULT value into column "total_amount"
[plots] id=d8d07b48-9d7b-4571-9231-bda02fba66cf :: cannot insert a non-DEFAULT value into column "total_amount"
[plots] id=860a685c-ba18-44ff-9a1d-a6ca3a915240 :: cannot insert a non-DEFAULT value into column "total_amount"
[plots] id=d538dedf-793e-449b-9afc-e4b566dc186a :: cannot insert a non-DEFAULT value into column "total_amount"
[plots] id=6c147016-3d4b-4c36-8a8c-5654cd3ac9a9 :: cannot insert a non-DEFAULT value into column "total_amount"
[plots] id=0ef7f4eb-4b49-494f-83b3-9c51d23a22cf :: cannot insert a non-DEFAULT value into column "total_amount"
[plots] id=4b58e987-a0d2-41cd-8b5d-b8a18d5a8c4b :: cannot insert a non-DEFAULT value into column "total_amount"
[plots] id=3017860a-80c8-456c-a95f-add6984a15b3 :: cannot insert a non-DEFAULT value into column "total_amount"
[plots] id=a636789f-dd82-4573-9396-1c6ee1a6bbd1 :: cannot insert a non-DEFAULT value into column "total_amount"
[plots] id=5aa94cdd-61d4-4a19-af6b-b7f5bad1dbc0 :: cannot insert a non-DEFAULT value into column "total_amount"
[plots] id=acfcceca-7f4a-4409-8b8c-9706d5337799 :: cannot insert a non-DEFAULT value into column "total_amount"
[plots] id=0af18167-aba5-48dd-a1b2-5a84a4b37c84 :: cannot insert a non-DEFAULT value into column "total_amount"
[plots] id=33e71814-2202-43ab-a666-7bc68635a561 :: cannot insert a non-DEFAULT value into column "total_amount"
[plots] id=12e1c1bb-800f-467c-b36a-7d3c5a1b9112 :: cannot insert a non-DEFAULT value into column "total_amount"
[plots] id=7718ba55-29c0-480f-a7b0-f98aa238cb2d :: cannot insert a non-DEFAULT value into column "total_amount"
[plots] id=bfd53bff-45e9-471b-8176-d05927a57853 :: cannot insert a non-DEFAULT value into column "total_amount"
[plots] id=877d85f9-4cb9-4954-a731-babd351752c2 :: cannot insert a non-DEFAULT value into column "total_amount"
[plots] id=5c4547f9-9db6-4222-9ec7-3abd123e27d8 :: cannot insert a non-DEFAULT value into column "total_amount"
[plots] id=dc265101-b87d-4bb9-a974-0d55ee999f3a :: cannot insert a non-DEFAULT value into column "total_amount"
[plots] id=41de4448-046b-4198-879e-5f9e5565e930 :: cannot insert a non-DEFAULT value into column "total_amount"
[plots] id=ff380031-71ac-4630-9c03-d300a376afdc :: cannot insert a non-DEFAULT value into column "total_amount"
[plots] id=968e60c2-9f92-4e5d-b6a2-1bc362ef73a0 :: cannot insert a non-DEFAULT value into column "total_amount"
[plots] id=5c7299c7-32c1-4d80-93fa-3f25f6186af5 :: cannot insert a non-DEFAULT value into column "total_amount"
[plots] id=06dbed2d-c339-4dc5-bdbe-0389918f81b3 :: cannot insert a non-DEFAULT value into column "total_amount"
[plots] id=fac88331-429b-45a3-96a6-45c7de7c40e0 :: cannot insert a non-DEFAULT value into column "total_amount"
[plots] id=6251b379-1a95-4b2f-9821-2e2f96f99d08 :: cannot insert a non-DEFAULT value into column "total_amount"
[plots] id=5a12748b-8183-4f78-8341-99596d41f074 :: cannot insert a non-DEFAULT value into column "total_amount"
[plots] id=453c3e60-244a-40af-956e-f69be231ddf5 :: cannot insert a non-DEFAULT value into column "total_amount"
[plots] id=8acc15ed-254b-46fc-9107-4146d263bc1f :: cannot insert a non-DEFAULT value into column "total_amount"
[plots] id=52907840-aac4-4b8f-8a10-ea9de2c854d9 :: cannot insert a non-DEFAULT value into column "total_amount"
[plots] id=ef2226ea-6b80-48e3-af8e-f29b816a1587 :: cannot insert a non-DEFAULT value into column "total_amount"
[plots] id=3e82f78e-9785-4b45-8691-d49c76d62aa6 :: cannot insert a non-DEFAULT value into column "total_amount"
[plots] id=b522f12a-57d4-4420-93b2-67203f7200df :: cannot insert a non-DEFAULT value into column "total_amount"
[plots] id=c47d192b-317a-4ce5-8c16-c23898c17098 :: cannot insert a non-DEFAULT value into column "total_amount"
[plots] id=a8d6e78e-6d00-479f-9a1d-3979ae812222 :: cannot insert a non-DEFAULT value into column "total_amount"
[plots] id=0ed63ad6-2387-4d47-9a17-1aa86a9e0ed2 :: cannot insert a non-DEFAULT value into column "total_amount"
[plots] id=2344f73e-9992-4be0-8fa0-fea722aaf9b9 :: cannot insert a non-DEFAULT value into column "total_amount"
[plots] id=332180a5-8f3a-43ef-856d-34114ecd451b :: cannot insert a non-DEFAULT value into column "total_amount"
[plots] id=b7b151f9-ae51-4ce8-bbcf-7e101bd3b0a7 :: cannot insert a non-DEFAULT value into column "total_amount"
[plots] id=603e2ded-bdc3-40df-af3b-e95310e534cc :: cannot insert a non-DEFAULT value into column "total_amount"
[plots] id=c67facd8-f893-4264-aa9b-f1621ac4b95d :: cannot insert a non-DEFAULT value into column "total_amount"
[plots] id=af632501-9878-4a18-9d81-14cd5274fb23 :: cannot insert a non-DEFAULT value into column "total_amount"
[plots] id=b831bd3d-5e6d-48b6-bdce-2d764318f058 :: cannot insert a non-DEFAULT value into column "total_amount"
[plots] id=7f272ba5-38c8-4add-a324-9c7fb68d7631 :: cannot insert a non-DEFAULT value into column "total_amount"
[plots] id=b17f27bb-2ebf-4125-b295-18e902ee6c3e :: cannot insert a non-DEFAULT value into column "total_amount"
[plots] id=626fc09a-3fc6-42da-8cf8-76cd8920a343 :: cannot insert a non-DEFAULT value into column "total_amount"
[plots] id=ace6736c-e760-4651-a282-68d7a7d49deb :: cannot insert a non-DEFAULT value into column "total_amount"
[plots] id=c959d930-8e55-444f-bc40-bce2b475b69c :: cannot insert a non-DEFAULT value into column "total_amount"
[plots] id=8da4b41f-87e1-49c8-9100-2f050318f7bd :: cannot insert a non-DEFAULT value into column "total_amount"
[plots] id=8cf88b9b-e2a3-4e06-8ae6-2ac3f7f51a5f :: cannot insert a non-DEFAULT value into column "total_amount"
[plots] id=193af11b-9dce-4d93-a559-63abab5277b9 :: cannot insert a non-DEFAULT value into column "total_amount"
[plots] id=3562121c-f0dc-4453-9731-85535eaaee33 :: cannot insert a non-DEFAULT value into column "total_amount"
[plots] id=2fa09208-bf52-4668-a300-67b173e88824 :: cannot insert a non-DEFAULT value into column "total_amount"
[plots] id=4455b484-39cd-459c-b313-133fb840f03f :: cannot insert a non-DEFAULT value into column "total_amount"
[plots] id=37b01e45-7b00-484f-a380-227bae020120 :: cannot insert a non-DEFAULT value into column "total_amount"
[plots] id=92cd24d3-c540-400c-aebf-9b1c03480f9a :: cannot insert a non-DEFAULT value into column "total_amount"
[plots] id=13c92afe-f398-42f7-86e7-3a66428feca7 :: cannot insert a non-DEFAULT value into column "total_amount"
[plots] id=ea4aff3e-e2ff-4dc3-91d0-af7206e2af6d :: cannot insert a non-DEFAULT value into column "total_amount"
[plots] id=c4852c16-bb02-4d42-8016-14bc2beb6614 :: cannot insert a non-DEFAULT value into column "total_amount"
[plots] id=1749e5ba-6743-4ff1-bd53-554076c16dfb :: cannot insert a non-DEFAULT value into column "total_amount"
[plots] id=7f7074ba-748f-412c-993b-9e97ec872049 :: cannot insert a non-DEFAULT value into column "total_amount"
[plots] id=84d9fb61-428a-469c-a29e-e4dd3184704d :: cannot insert a non-DEFAULT value into column "total_amount"
[plots] id=bf895603-91f8-4fc2-bc50-5013bef53071 :: cannot insert a non-DEFAULT value into column "total_amount"
[plots] id=556ebf29-558e-43e4-9c1f-73c78d07ff84 :: cannot insert a non-DEFAULT value into column "total_amount"
[plots] id=d8380bc5-b6dc-48d8-87da-18785bcb7b4f :: cannot insert a non-DEFAULT value into column "total_amount"
[plots] id=ee76f754-00ce-4ef6-a442-2a3275eff52f :: cannot insert a non-DEFAULT value into column "total_amount"
[plots] id=7b887ab7-3f50-49fd-b5c9-05d84e632336 :: cannot insert a non-DEFAULT value into column "total_amount"
[plots] id=cfba2c07-e06f-4f8a-9053-de651f5b167a :: cannot insert a non-DEFAULT value into column "total_amount"
[plots] id=4621ffae-860a-4352-b3d3-2986911b2315 :: cannot insert a non-DEFAULT value into column "total_amount"
[plots] id=bc0a860b-f2a1-44d1-9f29-d4918e6bbb8c :: cannot insert a non-DEFAULT value into column "total_amount"
[plots] id=39fdd55b-6e33-4e80-9270-a7ed7f5a4214 :: cannot insert a non-DEFAULT value into column "total_amount"
[plots] id=b0f01c43-7e80-4459-b815-1da735b6f4a9 :: cannot insert a non-DEFAULT value into column "total_amount"
[plots] id=2d301edd-4262-4120-a85e-654261cdeec6 :: cannot insert a non-DEFAULT value into column "total_amount"
[plots] id=20eae258-e9fc-427d-a347-30efd2b369be :: cannot insert a non-DEFAULT value into column "total_amount"
[plots] id=8811974c-6981-4d6d-a68c-600702719f95 :: cannot insert a non-DEFAULT value into column "total_amount"
[plots] id=aef31322-f42e-4142-be9c-89d769232a89 :: cannot insert a non-DEFAULT value into column "total_amount"
[plots] id=8d1e1c2a-0f83-4fcc-b7ac-cb0f86c3c6a5 :: cannot insert a non-DEFAULT value into column "total_amount"
[plots] id=063adde8-ba9f-43fc-918e-bc73d13d9e6b :: cannot insert a non-DEFAULT value into column "total_amount"
[plots] id=ac458ea3-84a6-46bf-8869-3941fc57e5fe :: cannot insert a non-DEFAULT value into column "total_amount"
[plots] id=5e51f900-6ded-489a-b304-62de274febe7 :: cannot insert a non-DEFAULT value into column "total_amount"
[plots] id=e06bea51-57d3-4543-87de-c39086a7d723 :: cannot insert a non-DEFAULT value into column "total_amount"
[plots] id=03de4cc6-b0ec-4722-b7d2-fe7698b3cb12 :: cannot insert a non-DEFAULT value into column "total_amount"
[plots] id=4d813801-ca8a-4d77-8c8b-6f1b6c64d3ac :: cannot insert a non-DEFAULT value into column "total_amount"
[plots] id=97db61b4-cb4f-4613-b449-ecc5f075a3ff :: cannot insert a non-DEFAULT value into column "total_amount"
[plots] id=8f6e76ce-efd9-43c4-ac8d-b7ceca440b2f :: cannot insert a non-DEFAULT value into column "total_amount"
[plots] id=bd45f430-e026-4bbb-a17b-153ce4f98791 :: cannot insert a non-DEFAULT value into column "total_amount"
